Archive member included because of file (symbol)

c:/winavr_20100110/bin/../lib/gcc/avr/4.3.3/avr5\libgcc.a(_exit.o)
                              c:/winavr_20100110/bin/../lib/gcc/avr/4.3.3/../../../../avr/lib/avr5/crtm16.o (exit)
c:/winavr_20100110/bin/../lib/gcc/avr/4.3.3/avr5\libgcc.a(_copy_data.o)
                              ./Mcal_Layer/Timers/Timer1/Timer1.o (__do_copy_data)
c:/winavr_20100110/bin/../lib/gcc/avr/4.3.3/avr5\libgcc.a(_clear_bss.o)
                              ./Mcal_Layer/Timers/Timer1/Timer1.o (__do_clear_bss)
c:/winavr_20100110/bin/../lib/gcc/avr/4.3.3/avr5\libgcc.a(_fixunssfsi.o)
                              ./Ecu_Layer/Ecu_led/led.o (__fixunssfsi)
c:/winavr_20100110/bin/../lib/gcc/avr/4.3.3/avr5\libgcc.a(_addsub_sf.o)
                              c:/winavr_20100110/bin/../lib/gcc/avr/4.3.3/avr5\libgcc.a(_fixunssfsi.o) (__subsf3)
c:/winavr_20100110/bin/../lib/gcc/avr/4.3.3/avr5\libgcc.a(_mul_sf.o)
                              ./Ecu_Layer/Ecu_led/led.o (__mulsf3)
c:/winavr_20100110/bin/../lib/gcc/avr/4.3.3/avr5\libgcc.a(_gt_sf.o)
                              ./Ecu_Layer/Ecu_led/led.o (__gtsf2)
c:/winavr_20100110/bin/../lib/gcc/avr/4.3.3/avr5\libgcc.a(_ge_sf.o)
                              c:/winavr_20100110/bin/../lib/gcc/avr/4.3.3/avr5\libgcc.a(_fixunssfsi.o) (__gesf2)
c:/winavr_20100110/bin/../lib/gcc/avr/4.3.3/avr5\libgcc.a(_lt_sf.o)
                              ./Ecu_Layer/Ecu_led/led.o (__ltsf2)
c:/winavr_20100110/bin/../lib/gcc/avr/4.3.3/avr5\libgcc.a(_sf_to_si.o)
                              c:/winavr_20100110/bin/../lib/gcc/avr/4.3.3/avr5\libgcc.a(_fixunssfsi.o) (__fixsfsi)
c:/winavr_20100110/bin/../lib/gcc/avr/4.3.3/avr5\libgcc.a(_thenan_sf.o)
                              c:/winavr_20100110/bin/../lib/gcc/avr/4.3.3/avr5\libgcc.a(_addsub_sf.o) (__thenan_sf)
c:/winavr_20100110/bin/../lib/gcc/avr/4.3.3/avr5\libgcc.a(_prologue.o)
                              c:/winavr_20100110/bin/../lib/gcc/avr/4.3.3/avr5\libgcc.a(_addsub_sf.o) (__prologue_saves__)
c:/winavr_20100110/bin/../lib/gcc/avr/4.3.3/avr5\libgcc.a(_epilogue.o)
                              c:/winavr_20100110/bin/../lib/gcc/avr/4.3.3/avr5\libgcc.a(_addsub_sf.o) (__epilogue_restores__)
c:/winavr_20100110/bin/../lib/gcc/avr/4.3.3/avr5\libgcc.a(_pack_sf.o)
                              c:/winavr_20100110/bin/../lib/gcc/avr/4.3.3/avr5\libgcc.a(_addsub_sf.o) (__pack_f)
c:/winavr_20100110/bin/../lib/gcc/avr/4.3.3/avr5\libgcc.a(_unpack_sf.o)
                              c:/winavr_20100110/bin/../lib/gcc/avr/4.3.3/avr5\libgcc.a(_addsub_sf.o) (__unpack_f)
c:/winavr_20100110/bin/../lib/gcc/avr/4.3.3/avr5\libgcc.a(_fpcmp_parts_sf.o)
                              c:/winavr_20100110/bin/../lib/gcc/avr/4.3.3/avr5\libgcc.a(_gt_sf.o) (__fpcmp_parts_f)
c:/winavr_20100110/bin/../lib/gcc/avr/4.3.3/../../../../avr/lib/avr5\libc.a(sprintf.o)
                              ./Ecu_Layer/Ecu_Char_Lcd/char_lcd.o (sprintf)
c:/winavr_20100110/bin/../lib/gcc/avr/4.3.3/../../../../avr/lib/avr5\libc.a(vfprintf_std.o)
                              c:/winavr_20100110/bin/../lib/gcc/avr/4.3.3/../../../../avr/lib/avr5\libc.a(sprintf.o) (vfprintf)
c:/winavr_20100110/bin/../lib/gcc/avr/4.3.3/../../../../avr/lib/avr5\libc.a(strnlen_P.o)
                              c:/winavr_20100110/bin/../lib/gcc/avr/4.3.3/../../../../avr/lib/avr5\libc.a(vfprintf_std.o) (strnlen_P)
c:/winavr_20100110/bin/../lib/gcc/avr/4.3.3/../../../../avr/lib/avr5\libc.a(strnlen.o)
                              c:/winavr_20100110/bin/../lib/gcc/avr/4.3.3/../../../../avr/lib/avr5\libc.a(vfprintf_std.o) (strnlen)
c:/winavr_20100110/bin/../lib/gcc/avr/4.3.3/../../../../avr/lib/avr5\libc.a(fputc.o)
                              c:/winavr_20100110/bin/../lib/gcc/avr/4.3.3/../../../../avr/lib/avr5\libc.a(vfprintf_std.o) (fputc)
c:/winavr_20100110/bin/../lib/gcc/avr/4.3.3/../../../../avr/lib/avr5\libc.a(ultoa_invert.o)
                              c:/winavr_20100110/bin/../lib/gcc/avr/4.3.3/../../../../avr/lib/avr5\libc.a(vfprintf_std.o) (__ultoa_invert)

Memory Configuration

Name             Origin             Length             Attributes
text             0x00000000         0x00020000         xr
data             0x00800060         0x0000ffa0         rw !x
eeprom           0x00810000         0x00010000         rw !x
fuse             0x00820000         0x00000400         rw !x
lock             0x00830000         0x00000400         rw !x
signature        0x00840000         0x00000400         rw !x
*default*        0x00000000         0xffffffff

Linker script and memory map

LOAD c:/winavr_20100110/bin/../lib/gcc/avr/4.3.3/../../../../avr/lib/avr5/crtm16.o
LOAD ./Mcal_Layer/Timers/Timer1/Timer1.o
LOAD ./Mcal_Layer/Timers/Timer0/Timer0.o
LOAD ./Mcal_Layer/Mcal_Interrupt/Mcal_Interrupt.o
LOAD ./Mcal_Layer/Mcal_Gpio/Mcal_Gpio.o
LOAD ./Ecu_Layer/Ecu_led/led.o
LOAD ./Ecu_Layer/Ecu_SSD/BCD_SSD.o
LOAD ./Ecu_Layer/Ecu_SSD/SSD.o
LOAD ./Ecu_Layer/Ecu_Relay/relay.o
LOAD ./Ecu_Layer/Ecu_Keypad/keypad.o
LOAD ./Ecu_Layer/Ecu_Initialization/Ecu_Init.o
LOAD ./Ecu_Layer/Ecu_Dc_Motor/dc_motor.o
LOAD ./Ecu_Layer/Ecu_Char_Lcd/char_lcd.o
LOAD ./Ecu_Layer/Ecu_Btn/Button.o
LOAD ./App_Main/main.o
LOAD c:/winavr_20100110/bin/../lib/gcc/avr/4.3.3/avr5\libgcc.a
LOAD c:/winavr_20100110/bin/../lib/gcc/avr/4.3.3/../../../../avr/lib/avr5\libc.a
LOAD c:/winavr_20100110/bin/../lib/gcc/avr/4.3.3/avr5\libgcc.a

.hash
 *(.hash)

.dynsym
 *(.dynsym)

.dynstr
 *(.dynstr)

.gnu.version
 *(.gnu.version)

.gnu.version_d
 *(.gnu.version_d)

.gnu.version_r
 *(.gnu.version_r)

.rel.init
 *(.rel.init)

.rela.init
 *(.rela.init)

.rel.text
 *(.rel.text)
 *(.rel.text.*)
 *(.rel.gnu.linkonce.t*)

.rela.text
 *(.rela.text)
 *(.rela.text.*)
 *(.rela.gnu.linkonce.t*)

.rel.fini
 *(.rel.fini)

.rela.fini
 *(.rela.fini)

.rel.rodata
 *(.rel.rodata)
 *(.rel.rodata.*)
 *(.rel.gnu.linkonce.r*)

.rela.rodata
 *(.rela.rodata)
 *(.rela.rodata.*)
 *(.rela.gnu.linkonce.r*)

.rel.data
 *(.rel.data)
 *(.rel.data.*)
 *(.rel.gnu.linkonce.d*)

.rela.data
 *(.rela.data)
 *(.rela.data.*)
 *(.rela.gnu.linkonce.d*)

.rel.ctors
 *(.rel.ctors)

.rela.ctors
 *(.rela.ctors)

.rel.dtors
 *(.rel.dtors)

.rela.dtors
 *(.rela.dtors)

.rel.got
 *(.rel.got)

.rela.got
 *(.rela.got)

.rel.bss
 *(.rel.bss)

.rela.bss
 *(.rela.bss)

.rel.plt
 *(.rel.plt)

.rela.plt
 *(.rela.plt)

.text           0x00000000     0x40be
 *(.vectors)
 .vectors       0x00000000       0x54 c:/winavr_20100110/bin/../lib/gcc/avr/4.3.3/../../../../avr/lib/avr5/crtm16.o
                0x00000000                __vectors
                0x00000000                __vector_default
 *(.vectors)
 *(.progmem.gcc*)
 *(.progmem*)
                0x00000054                . = ALIGN (0x2)
                0x00000054                __trampolines_start = .
 *(.trampolines)
 .trampolines   0x00000054        0x0 linker stubs
 *(.trampolines*)
                0x00000054                __trampolines_end = .
 *(.jumptables)
 *(.jumptables*)
 *(.lowtext)
 *(.lowtext*)
                0x00000054                __ctors_start = .
 *(.ctors)
                0x00000054                __ctors_end = .
                0x00000054                __dtors_start = .
 *(.dtors)
                0x00000054                __dtors_end = .
 SORT(*)(.ctors)
 SORT(*)(.dtors)
 *(.init0)
 .init0         0x00000054        0x0 c:/winavr_20100110/bin/../lib/gcc/avr/4.3.3/../../../../avr/lib/avr5/crtm16.o
                0x00000054                __init
 *(.init0)
 *(.init1)
 *(.init1)
 *(.init2)
 .init2         0x00000054        0xc c:/winavr_20100110/bin/../lib/gcc/avr/4.3.3/../../../../avr/lib/avr5/crtm16.o
 *(.init2)
 *(.init3)
 *(.init3)
 *(.init4)
 .init4         0x00000060       0x16 c:/winavr_20100110/bin/../lib/gcc/avr/4.3.3/avr5\libgcc.a(_copy_data.o)
                0x00000060                __do_copy_data
 .init4         0x00000076       0x10 c:/winavr_20100110/bin/../lib/gcc/avr/4.3.3/avr5\libgcc.a(_clear_bss.o)
                0x00000076                __do_clear_bss
 *(.init4)
 *(.init5)
 *(.init5)
 *(.init6)
 *(.init6)
 *(.init7)
 *(.init7)
 *(.init8)
 *(.init8)
 *(.init9)
 .init9         0x00000086        0x8 c:/winavr_20100110/bin/../lib/gcc/avr/4.3.3/../../../../avr/lib/avr5/crtm16.o
 *(.init9)
 *(.text)
 .text          0x0000008e        0x4 c:/winavr_20100110/bin/../lib/gcc/avr/4.3.3/../../../../avr/lib/avr5/crtm16.o
                0x0000008e                __vector_12
                0x0000008e                __bad_interrupt
                0x0000008e                __vector_6
                0x0000008e                __vector_13
                0x0000008e                __vector_17
                0x0000008e                __vector_19
                0x0000008e                __vector_7
                0x0000008e                __vector_5
                0x0000008e                __vector_4
                0x0000008e                __vector_15
                0x0000008e                __vector_8
                0x0000008e                __vector_14
                0x0000008e                __vector_10
                0x0000008e                __vector_16
                0x0000008e                __vector_18
                0x0000008e                __vector_20
 .text          0x00000092        0x0 ./Mcal_Layer/Timers/Timer1/Timer1.o
 .text          0x00000092        0x0 ./Mcal_Layer/Timers/Timer0/Timer0.o
 .text          0x00000092        0x0 ./Mcal_Layer/Mcal_Interrupt/Mcal_Interrupt.o
 .text          0x00000092        0x0 ./Mcal_Layer/Mcal_Gpio/Mcal_Gpio.o
 .text          0x00000092        0x0 ./Ecu_Layer/Ecu_led/led.o
 .text          0x00000092        0x0 ./Ecu_Layer/Ecu_SSD/BCD_SSD.o
 .text          0x00000092        0x0 ./Ecu_Layer/Ecu_SSD/SSD.o
 .text          0x00000092        0x0 ./Ecu_Layer/Ecu_Relay/relay.o
 .text          0x00000092        0x0 ./Ecu_Layer/Ecu_Keypad/keypad.o
 .text          0x00000092        0x0 ./Ecu_Layer/Ecu_Initialization/Ecu_Init.o
 .text          0x00000092        0x0 ./Ecu_Layer/Ecu_Dc_Motor/dc_motor.o
 .text          0x00000092        0x0 ./Ecu_Layer/Ecu_Char_Lcd/char_lcd.o
 .text          0x00000092        0x0 ./Ecu_Layer/Ecu_Btn/Button.o
 .text          0x00000092        0x0 ./App_Main/main.o
 .text          0x00000092        0x0 c:/winavr_20100110/bin/../lib/gcc/avr/4.3.3/avr5\libgcc.a(_exit.o)
 .text          0x00000092        0x0 c:/winavr_20100110/bin/../lib/gcc/avr/4.3.3/avr5\libgcc.a(_copy_data.o)
 .text          0x00000092        0x0 c:/winavr_20100110/bin/../lib/gcc/avr/4.3.3/avr5\libgcc.a(_clear_bss.o)
 .text          0x00000092       0x58 c:/winavr_20100110/bin/../lib/gcc/avr/4.3.3/avr5\libgcc.a(_fixunssfsi.o)
                0x00000092                __fixunssfsi
 .text          0x000000ea      0x354 c:/winavr_20100110/bin/../lib/gcc/avr/4.3.3/avr5\libgcc.a(_addsub_sf.o)
                0x00000382                __subsf3
                0x000003e4                __addsf3
 .text          0x0000043e      0x1f4 c:/winavr_20100110/bin/../lib/gcc/avr/4.3.3/avr5\libgcc.a(_mul_sf.o)
                0x0000043e                __mulsf3
 .text          0x00000632       0x60 c:/winavr_20100110/bin/../lib/gcc/avr/4.3.3/avr5\libgcc.a(_gt_sf.o)
                0x00000632                __gtsf2
 .text          0x00000692       0x60 c:/winavr_20100110/bin/../lib/gcc/avr/4.3.3/avr5\libgcc.a(_ge_sf.o)
                0x00000692                __gesf2
 .text          0x000006f2       0x60 c:/winavr_20100110/bin/../lib/gcc/avr/4.3.3/avr5\libgcc.a(_lt_sf.o)
                0x000006f2                __ltsf2
 .text          0x00000752       0xa8 c:/winavr_20100110/bin/../lib/gcc/avr/4.3.3/avr5\libgcc.a(_sf_to_si.o)
                0x00000752                __fixsfsi
 .text          0x000007fa        0x0 c:/winavr_20100110/bin/../lib/gcc/avr/4.3.3/avr5\libgcc.a(_thenan_sf.o)
 .text          0x000007fa        0x0 c:/winavr_20100110/bin/../lib/gcc/avr/4.3.3/avr5\libgcc.a(_prologue.o)
 .text          0x000007fa        0x0 c:/winavr_20100110/bin/../lib/gcc/avr/4.3.3/avr5\libgcc.a(_epilogue.o)
 .text          0x000007fa      0x1aa c:/winavr_20100110/bin/../lib/gcc/avr/4.3.3/avr5\libgcc.a(_pack_sf.o)
                0x000007fa                __pack_f
 .text          0x000009a4       0xf0 c:/winavr_20100110/bin/../lib/gcc/avr/4.3.3/avr5\libgcc.a(_unpack_sf.o)
                0x000009a4                __unpack_f
 .text          0x00000a94       0xb2 c:/winavr_20100110/bin/../lib/gcc/avr/4.3.3/avr5\libgcc.a(_fpcmp_parts_sf.o)
                0x00000a94                __fpcmp_parts_f
 .text          0x00000b46        0x0 c:/winavr_20100110/bin/../lib/gcc/avr/4.3.3/../../../../avr/lib/avr5\libc.a(sprintf.o)
 .text          0x00000b46        0x0 c:/winavr_20100110/bin/../lib/gcc/avr/4.3.3/../../../../avr/lib/avr5\libc.a(vfprintf_std.o)
 .text          0x00000b46        0x0 c:/winavr_20100110/bin/../lib/gcc/avr/4.3.3/../../../../avr/lib/avr5\libc.a(strnlen_P.o)
 .text          0x00000b46        0x0 c:/winavr_20100110/bin/../lib/gcc/avr/4.3.3/../../../../avr/lib/avr5\libc.a(strnlen.o)
 .text          0x00000b46        0x0 c:/winavr_20100110/bin/../lib/gcc/avr/4.3.3/../../../../avr/lib/avr5\libc.a(fputc.o)
 .text          0x00000b46        0x0 c:/winavr_20100110/bin/../lib/gcc/avr/4.3.3/../../../../avr/lib/avr5\libc.a(ultoa_invert.o)
                0x00000b46                . = ALIGN (0x2)
 *(.text.*)
 .text.Timer1_Init
                0x00000b46       0x4c ./Mcal_Layer/Timers/Timer1/Timer1.o
                0x00000b46                Timer1_Init
 .text.Timer1_Start
                0x00000b92       0x18 ./Mcal_Layer/Timers/Timer1/Timer1.o
                0x00000b92                Timer1_Start
 .text.Timer1_Stop
                0x00000baa       0x18 ./Mcal_Layer/Timers/Timer1/Timer1.o
                0x00000baa                Timer1_Stop
 .text.__vector_9
                0x00000bc2       0x82 ./Mcal_Layer/Timers/Timer1/Timer1.o
                0x00000bc2                __vector_9
 .text.Timer0_Init
                0x00000c44       0x44 ./Mcal_Layer/Timers/Timer0/Timer0.o
                0x00000c44                Timer0_Init
 .text.Timer0_Start
                0x00000c88       0x2c ./Mcal_Layer/Timers/Timer0/Timer0.o
                0x00000c88                Timer0_Start
 .text.Timer0_Stop
                0x00000cb4       0x2c ./Mcal_Layer/Timers/Timer0/Timer0.o
                0x00000cb4                Timer0_Stop
 .text.Timer0_Calculate_Sec
                0x00000ce0       0x48 ./Mcal_Layer/Timers/Timer0/Timer0.o
                0x00000ce0                Timer0_Calculate_Sec
 .text.Timer0_Calculate_Min_And_Sec
                0x00000d28       0x5e ./Mcal_Layer/Timers/Timer0/Timer0.o
                0x00000d28                Timer0_Calculate_Min_And_Sec
 .text.__vector_11
                0x00000d86       0x40 ./Mcal_Layer/Timers/Timer0/Timer0.o
                0x00000d86                __vector_11
 .text.Interrupt_External_Init
                0x00000dc6       0xb0 ./Mcal_Layer/Mcal_Interrupt/Mcal_Interrupt.o
                0x00000dc6                Interrupt_External_Init
 .text.Interrupt_External_Dinit
                0x00000e76       0x32 ./Mcal_Layer/Mcal_Interrupt/Mcal_Interrupt.o
                0x00000e76                Interrupt_External_Dinit
 .text.Interrupt_Global_Enable
                0x00000ea8       0x24 ./Mcal_Layer/Mcal_Interrupt/Mcal_Interrupt.o
                0x00000ea8                Interrupt_Global_Enable
 .text.Interrupt_Global_Disable
                0x00000ecc       0x24 ./Mcal_Layer/Mcal_Interrupt/Mcal_Interrupt.o
                0x00000ecc                Interrupt_Global_Disable
 .text.Ext_Interrupt_INTx_Set_Sence
                0x00000ef0       0x84 ./Mcal_Layer/Mcal_Interrupt/Mcal_Interrupt.o
 .text.Ext_Interrupt_Select_INTx
                0x00000f74       0x8a ./Mcal_Layer/Mcal_Interrupt/Mcal_Interrupt.o
 .text.Ext_Interrupt0_Set_Sence
                0x00000ffe       0xd4 ./Mcal_Layer/Mcal_Interrupt/Mcal_Interrupt.o
 .text.Ext_Interrupt1_Set_Sence
                0x000010d2       0xd4 ./Mcal_Layer/Mcal_Interrupt/Mcal_Interrupt.o
 .text.Ext_Interrupt2_Set_Sence
                0x000011a6       0x74 ./Mcal_Layer/Mcal_Interrupt/Mcal_Interrupt.o
 .text.Ext_Interrupt_Set_Pin
                0x0000121a       0xcc ./Mcal_Layer/Mcal_Interrupt/Mcal_Interrupt.o
 .text.Ext_Interrupt0_Set_Handler
                0x000012e6       0x3e ./Mcal_Layer/Mcal_Interrupt/Mcal_Interrupt.o
 .text.Ext_Interrupt1_Set_Handler
                0x00001324       0x3e ./Mcal_Layer/Mcal_Interrupt/Mcal_Interrupt.o
 .text.Ext_Interrupt2_Set_Handler
                0x00001362       0x3e ./Mcal_Layer/Mcal_Interrupt/Mcal_Interrupt.o
 .text.Ext_Interrupt_Tx_Set_Handler
                0x000013a0       0x90 ./Mcal_Layer/Mcal_Interrupt/Mcal_Interrupt.o
 .text.__vector_1
                0x00001430       0x64 ./Mcal_Layer/Mcal_Interrupt/Mcal_Interrupt.o
                0x00001430                __vector_1
 .text.__vector_2
                0x00001494       0x64 ./Mcal_Layer/Mcal_Interrupt/Mcal_Interrupt.o
                0x00001494                __vector_2
 .text.__vector_3
                0x000014f8       0x64 ./Mcal_Layer/Mcal_Interrupt/Mcal_Interrupt.o
                0x000014f8                __vector_3
 .text.gpio_pin_direction_initialize
                0x0000155c       0xe2 ./Mcal_Layer/Mcal_Gpio/Mcal_Gpio.o
                0x0000155c                gpio_pin_direction_initialize
 .text.gpio_pin_get_direction_status
                0x0000163e       0x76 ./Mcal_Layer/Mcal_Gpio/Mcal_Gpio.o
                0x0000163e                gpio_pin_get_direction_status
 .text.gpio_pin_write_logic
                0x000016b4       0xe0 ./Mcal_Layer/Mcal_Gpio/Mcal_Gpio.o
                0x000016b4                gpio_pin_write_logic
 .text.gpio_pin_read
                0x00001794       0x74 ./Mcal_Layer/Mcal_Gpio/Mcal_Gpio.o
                0x00001794                gpio_pin_read
 .text.gpio_pin_toggle
                0x00001808       0x6e ./Mcal_Layer/Mcal_Gpio/Mcal_Gpio.o
                0x00001808                gpio_pin_toggle
 .text.gpio_pin_initialize
                0x00001876       0x64 ./Mcal_Layer/Mcal_Gpio/Mcal_Gpio.o
                0x00001876                gpio_pin_initialize
 .text.gpio_port_direction_initialize
                0x000018da       0x66 ./Mcal_Layer/Mcal_Gpio/Mcal_Gpio.o
                0x000018da                gpio_port_direction_initialize
 .text.gpio_port_get_direction_status
                0x00001940       0x24 ./Mcal_Layer/Mcal_Gpio/Mcal_Gpio.o
                0x00001940                gpio_port_get_direction_status
 .text.gpio_port_write_logic
                0x00001964       0x50 ./Mcal_Layer/Mcal_Gpio/Mcal_Gpio.o
                0x00001964                gpio_port_write_logic
 .text.gpio_port_read_logic
                0x000019b4       0x24 ./Mcal_Layer/Mcal_Gpio/Mcal_Gpio.o
                0x000019b4                gpio_port_read_logic
 .text.gpio_port_toggle_logic
                0x000019d8       0x1a ./Mcal_Layer/Mcal_Gpio/Mcal_Gpio.o
                0x000019d8                gpio_port_toggle_logic
 .text.led_inialize
                0x000019f2       0x86 ./Ecu_Layer/Ecu_led/led.o
                0x000019f2                led_inialize
 .text.led_turn_on
                0x00001a78       0x68 ./Ecu_Layer/Ecu_led/led.o
                0x00001a78                led_turn_on
 .text.led_turn_off
                0x00001ae0       0x62 ./Ecu_Layer/Ecu_led/led.o
                0x00001ae0                led_turn_off
 .text.led_toggle
                0x00001b42       0x60 ./Ecu_Layer/Ecu_led/led.o
                0x00001b42                led_toggle
 .text.led_blinking
                0x00001ba2      0x140 ./Ecu_Layer/Ecu_led/led.o
                0x00001ba2                led_blinking
 .text.led_Toggle
                0x00001ce2       0x3a ./Ecu_Layer/Ecu_led/led.o
                0x00001ce2                led_Toggle
 .text.Keypad_Initialize
                0x00001d1c       0xcc ./Ecu_Layer/Ecu_Keypad/keypad.o
                0x00001d1c                Keypad_Initialize
 .text.Keypad_Scane
                0x00001de8      0x2d4 ./Ecu_Layer/Ecu_Keypad/keypad.o
                0x00001de8                Keypad_Scane
 .text.Ecu_Init
                0x000020bc       0x24 ./Ecu_Layer/Ecu_Initialization/Ecu_Init.o
                0x000020bc                Ecu_Init
 .text.Print_time_Lcd
                0x000020e0       0x4a ./Ecu_Layer/Ecu_Initialization/Ecu_Init.o
                0x000020e0                Print_time_Lcd
 .text.lcd_4bit_intialize
                0x0000212a      0xa5a ./Ecu_Layer/Ecu_Char_Lcd/char_lcd.o
                0x0000212a                lcd_4bit_intialize
 .text.lcd_4bit_send_command
                0x00002b84       0x72 ./Ecu_Layer/Ecu_Char_Lcd/char_lcd.o
 .text.lcd_4bit_send_char_data
                0x00002bf6       0x72 ./Ecu_Layer/Ecu_Char_Lcd/char_lcd.o
                0x00002bf6                lcd_4bit_send_char_data
 .text.lcd_4bit_send_char_data_pos
                0x00002c68       0x56 ./Ecu_Layer/Ecu_Char_Lcd/char_lcd.o
                0x00002c68                lcd_4bit_send_char_data_pos
 .text.lcd_4bit_send_string
                0x00002cbe       0x5e ./Ecu_Layer/Ecu_Char_Lcd/char_lcd.o
                0x00002cbe                lcd_4bit_send_string
 .text.lcd_4bit_send_string_pos
                0x00002d1c       0x7a ./Ecu_Layer/Ecu_Char_Lcd/char_lcd.o
                0x00002d1c                lcd_4bit_send_string_pos
 .text.lcd_4bit_send_custom_char
                0x00002d96       0xac ./Ecu_Layer/Ecu_Char_Lcd/char_lcd.o
                0x00002d96                lcd_4bit_send_custom_char
 .text.lcd_4bit_clear
                0x00002e42       0x26 ./Ecu_Layer/Ecu_Char_Lcd/char_lcd.o
                0x00002e42                lcd_4bit_clear
 .text.lcd_8bit_intialize
                0x00002e68      0x39a ./Ecu_Layer/Ecu_Char_Lcd/char_lcd.o
                0x00002e68                lcd_8bit_intialize
 .text.lcd_8bit_send_command
                0x00003202       0xa0 ./Ecu_Layer/Ecu_Char_Lcd/char_lcd.o
 .text.lcd_8bit_send_char_data
                0x000032a2       0xa0 ./Ecu_Layer/Ecu_Char_Lcd/char_lcd.o
                0x000032a2                lcd_8bit_send_char_data
 .text.lcd_8bit_send_char_data_pos
                0x00003342       0x56 ./Ecu_Layer/Ecu_Char_Lcd/char_lcd.o
                0x00003342                lcd_8bit_send_char_data_pos
 .text.lcd_8bit_send_string
                0x00003398       0x5e ./Ecu_Layer/Ecu_Char_Lcd/char_lcd.o
                0x00003398                lcd_8bit_send_string
 .text.lcd_8bit_send_string_pos
                0x000033f6       0x62 ./Ecu_Layer/Ecu_Char_Lcd/char_lcd.o
                0x000033f6                lcd_8bit_send_string_pos
 .text.lcd_8bit_send_custom_char
                0x00003458       0xac ./Ecu_Layer/Ecu_Char_Lcd/char_lcd.o
                0x00003458                lcd_8bit_send_custom_char
 .text.lcd_send_4bits
                0x00003504       0x98 ./Ecu_Layer/Ecu_Char_Lcd/char_lcd.o
 .text.lcd_4bit_send_enable_signal
                0x0000359c      0x12e ./Ecu_Layer/Ecu_Char_Lcd/char_lcd.o
 .text.lcd_8bit_send_enable_signal
                0x000036ca      0x12e ./Ecu_Layer/Ecu_Char_Lcd/char_lcd.o
 .text.lcd_8bit_set_cursor
                0x000037f8       0xc6 ./Ecu_Layer/Ecu_Char_Lcd/char_lcd.o
 .text.lcd_4bit_set_cursor
                0x000038be       0xc6 ./Ecu_Layer/Ecu_Char_Lcd/char_lcd.o
 .text.lcd_4bit_send_num_pos
                0x00003984       0x82 ./Ecu_Layer/Ecu_Char_Lcd/char_lcd.o
                0x00003984                lcd_4bit_send_num_pos
 .text.button_initialize
                0x00003a06       0x3a ./Ecu_Layer/Ecu_Btn/Button.o
                0x00003a06                button_initialize
 .text.button_read_state
                0x00003a40       0xc0 ./Ecu_Layer/Ecu_Btn/Button.o
                0x00003a40                button_read_state
 .text.main     0x00003b00        0xa ./App_Main/main.o
                0x00003b00                main
 .text.libgcc   0x00003b0a        0x0 c:/winavr_20100110/bin/../lib/gcc/avr/4.3.3/avr5\libgcc.a(_exit.o)
 .text.libgcc   0x00003b0a        0x0 c:/winavr_20100110/bin/../lib/gcc/avr/4.3.3/avr5\libgcc.a(_copy_data.o)
 .text.libgcc   0x00003b0a        0x0 c:/winavr_20100110/bin/../lib/gcc/avr/4.3.3/avr5\libgcc.a(_clear_bss.o)
 .text.libgcc   0x00003b0a       0x38 c:/winavr_20100110/bin/../lib/gcc/avr/4.3.3/avr5\libgcc.a(_prologue.o)
                0x00003b0a                __prologue_saves__
 .text.libgcc   0x00003b42       0x36 c:/winavr_20100110/bin/../lib/gcc/avr/4.3.3/avr5\libgcc.a(_epilogue.o)
                0x00003b42                __epilogue_restores__
 .text.avr-libc
                0x00003b78       0x48 c:/winavr_20100110/bin/../lib/gcc/avr/4.3.3/../../../../avr/lib/avr5\libc.a(sprintf.o)
                0x00003b78                sprintf
 .text.avr-libc
                0x00003bc0      0x3ba c:/winavr_20100110/bin/../lib/gcc/avr/4.3.3/../../../../avr/lib/avr5\libc.a(vfprintf_std.o)
                0x00003bc0                vfprintf
 .text.avr-libc
                0x00003f7a       0x16 c:/winavr_20100110/bin/../lib/gcc/avr/4.3.3/../../../../avr/lib/avr5\libc.a(strnlen_P.o)
                0x00003f7a                strnlen_P
 .text.avr-libc
                0x00003f90       0x16 c:/winavr_20100110/bin/../lib/gcc/avr/4.3.3/../../../../avr/lib/avr5\libc.a(strnlen.o)
                0x00003f90                strnlen
 .text.avr-libc
                0x00003fa6       0x58 c:/winavr_20100110/bin/../lib/gcc/avr/4.3.3/../../../../avr/lib/avr5\libc.a(fputc.o)
                0x00003fa6                fputc
 .text.avr-libc
                0x00003ffe       0xbc c:/winavr_20100110/bin/../lib/gcc/avr/4.3.3/../../../../avr/lib/avr5\libc.a(ultoa_invert.o)
                0x00003ffe                __ultoa_invert
                0x000040ba                . = ALIGN (0x2)
 *(.fini9)
 .fini9         0x000040ba        0x0 c:/winavr_20100110/bin/../lib/gcc/avr/4.3.3/avr5\libgcc.a(_exit.o)
                0x000040ba                exit
                0x000040ba                _exit
 *(.fini9)
 *(.fini8)
 *(.fini8)
 *(.fini7)
 *(.fini7)
 *(.fini6)
 *(.fini6)
 *(.fini5)
 *(.fini5)
 *(.fini4)
 *(.fini4)
 *(.fini3)
 *(.fini3)
 *(.fini2)
 *(.fini2)
 *(.fini1)
 *(.fini1)
 *(.fini0)
 .fini0         0x000040ba        0x4 c:/winavr_20100110/bin/../lib/gcc/avr/4.3.3/avr5\libgcc.a(_exit.o)
 *(.fini0)
                0x000040be                _etext = .

.data           0x00800060       0x66 load address 0x000040be
                0x00800060                PROVIDE (__data_start, .)
 *(.data)
 .data          0x00800060        0x0 c:/winavr_20100110/bin/../lib/gcc/avr/4.3.3/../../../../avr/lib/avr5/crtm16.o
 .data          0x00800060        0x0 ./Mcal_Layer/Timers/Timer1/Timer1.o
 .data          0x00800060        0x0 ./Mcal_Layer/Timers/Timer0/Timer0.o
 .data          0x00800060        0x0 ./Mcal_Layer/Mcal_Interrupt/Mcal_Interrupt.o
 .data          0x00800060        0x0 ./Mcal_Layer/Mcal_Gpio/Mcal_Gpio.o
 .data          0x00800060        0x0 ./Ecu_Layer/Ecu_led/led.o
 .data          0x00800060        0x0 ./Ecu_Layer/Ecu_SSD/BCD_SSD.o
 .data          0x00800060        0x0 ./Ecu_Layer/Ecu_SSD/SSD.o
 .data          0x00800060        0x0 ./Ecu_Layer/Ecu_Relay/relay.o
 .data          0x00800060        0x0 ./Ecu_Layer/Ecu_Keypad/keypad.o
 .data          0x00800060        0x0 ./Ecu_Layer/Ecu_Initialization/Ecu_Init.o
 .data          0x00800060        0x0 ./Ecu_Layer/Ecu_Dc_Motor/dc_motor.o
 .data          0x00800060       0x3d ./Ecu_Layer/Ecu_Char_Lcd/char_lcd.o
 .data          0x0080009d        0x0 ./Ecu_Layer/Ecu_Btn/Button.o
 .data          0x0080009d        0x0 ./App_Main/main.o
 .data          0x0080009d        0x0 c:/winavr_20100110/bin/../lib/gcc/avr/4.3.3/avr5\libgcc.a(_exit.o)
 .data          0x0080009d        0x0 c:/winavr_20100110/bin/../lib/gcc/avr/4.3.3/avr5\libgcc.a(_copy_data.o)
 .data          0x0080009d        0x0 c:/winavr_20100110/bin/../lib/gcc/avr/4.3.3/avr5\libgcc.a(_clear_bss.o)
 .data          0x0080009d        0x0 c:/winavr_20100110/bin/../lib/gcc/avr/4.3.3/avr5\libgcc.a(_fixunssfsi.o)
 .data          0x0080009d        0x0 c:/winavr_20100110/bin/../lib/gcc/avr/4.3.3/avr5\libgcc.a(_addsub_sf.o)
 .data          0x0080009d        0x0 c:/winavr_20100110/bin/../lib/gcc/avr/4.3.3/avr5\libgcc.a(_mul_sf.o)
 .data          0x0080009d        0x0 c:/winavr_20100110/bin/../lib/gcc/avr/4.3.3/avr5\libgcc.a(_gt_sf.o)
 .data          0x0080009d        0x0 c:/winavr_20100110/bin/../lib/gcc/avr/4.3.3/avr5\libgcc.a(_ge_sf.o)
 .data          0x0080009d        0x0 c:/winavr_20100110/bin/../lib/gcc/avr/4.3.3/avr5\libgcc.a(_lt_sf.o)
 .data          0x0080009d        0x0 c:/winavr_20100110/bin/../lib/gcc/avr/4.3.3/avr5\libgcc.a(_sf_to_si.o)
 .data          0x0080009d        0x8 c:/winavr_20100110/bin/../lib/gcc/avr/4.3.3/avr5\libgcc.a(_thenan_sf.o)
                0x0080009d                __thenan_sf
 .data          0x008000a5        0x0 c:/winavr_20100110/bin/../lib/gcc/avr/4.3.3/avr5\libgcc.a(_prologue.o)
 .data          0x008000a5        0x0 c:/winavr_20100110/bin/../lib/gcc/avr/4.3.3/avr5\libgcc.a(_epilogue.o)
 .data          0x008000a5        0x0 c:/winavr_20100110/bin/../lib/gcc/avr/4.3.3/avr5\libgcc.a(_pack_sf.o)
 .data          0x008000a5        0x0 c:/winavr_20100110/bin/../lib/gcc/avr/4.3.3/avr5\libgcc.a(_unpack_sf.o)
 .data          0x008000a5        0x0 c:/winavr_20100110/bin/../lib/gcc/avr/4.3.3/avr5\libgcc.a(_fpcmp_parts_sf.o)
 .data          0x008000a5        0x0 c:/winavr_20100110/bin/../lib/gcc/avr/4.3.3/../../../../avr/lib/avr5\libc.a(sprintf.o)
 .data          0x008000a5        0x0 c:/winavr_20100110/bin/../lib/gcc/avr/4.3.3/../../../../avr/lib/avr5\libc.a(vfprintf_std.o)
 .data          0x008000a5        0x0 c:/winavr_20100110/bin/../lib/gcc/avr/4.3.3/../../../../avr/lib/avr5\libc.a(strnlen_P.o)
 .data          0x008000a5        0x0 c:/winavr_20100110/bin/../lib/gcc/avr/4.3.3/../../../../avr/lib/avr5\libc.a(strnlen.o)
 .data          0x008000a5        0x0 c:/winavr_20100110/bin/../lib/gcc/avr/4.3.3/../../../../avr/lib/avr5\libc.a(fputc.o)
 .data          0x008000a5        0x0 c:/winavr_20100110/bin/../lib/gcc/avr/4.3.3/../../../../avr/lib/avr5\libc.a(ultoa_invert.o)
 *(.data*)
 .data.led2     0x008000a5        0x2 ./Mcal_Layer/Timers/Timer1/Timer1.o
                0x008000a5                led2
 .data.Led1     0x008000a7        0x2 ./Ecu_Layer/Ecu_Initialization/Ecu_Init.o
                0x008000a7                Led1
 .data.lcd1     0x008000a9        0xc ./Ecu_Layer/Ecu_Initialization/Ecu_Init.o
                0x008000a9                lcd1
 *(.rodata)
 *(.rodata*)
 .rodata.Btn_val
                0x008000b5       0x10 ./Ecu_Layer/Ecu_Keypad/keypad.o
 *(.gnu.linkonce.d*)
                0x008000c6                . = ALIGN (0x2)
 *fill*         0x008000c5        0x1 00
                0x008000c6                _edata = .
                0x008000c6                PROVIDE (__data_end, .)

.bss            0x008000c6        0xf
                0x008000c6                PROVIDE (__bss_start, .)
 *(.bss)
 .bss           0x008000c6        0x0 c:/winavr_20100110/bin/../lib/gcc/avr/4.3.3/../../../../avr/lib/avr5/crtm16.o
 .bss           0x008000c6        0x0 ./Mcal_Layer/Timers/Timer1/Timer1.o
 .bss           0x008000c6        0x0 ./Mcal_Layer/Timers/Timer0/Timer0.o
 .bss           0x008000c6        0x0 ./Mcal_Layer/Mcal_Interrupt/Mcal_Interrupt.o
 .bss           0x008000c6        0x0 ./Mcal_Layer/Mcal_Gpio/Mcal_Gpio.o
 .bss           0x008000c6        0x0 ./Ecu_Layer/Ecu_led/led.o
 .bss           0x008000c6        0x0 ./Ecu_Layer/Ecu_SSD/BCD_SSD.o
 .bss           0x008000c6        0x0 ./Ecu_Layer/Ecu_SSD/SSD.o
 .bss           0x008000c6        0x0 ./Ecu_Layer/Ecu_Relay/relay.o
 .bss           0x008000c6        0x0 ./Ecu_Layer/Ecu_Keypad/keypad.o
 .bss           0x008000c6        0x0 ./Ecu_Layer/Ecu_Initialization/Ecu_Init.o
 .bss           0x008000c6        0x0 ./Ecu_Layer/Ecu_Dc_Motor/dc_motor.o
 .bss           0x008000c6        0x0 ./Ecu_Layer/Ecu_Char_Lcd/char_lcd.o
 .bss           0x008000c6        0x0 ./Ecu_Layer/Ecu_Btn/Button.o
 .bss           0x008000c6        0x0 ./App_Main/main.o
 .bss           0x008000c6        0x0 c:/winavr_20100110/bin/../lib/gcc/avr/4.3.3/avr5\libgcc.a(_exit.o)
 .bss           0x008000c6        0x0 c:/winavr_20100110/bin/../lib/gcc/avr/4.3.3/avr5\libgcc.a(_copy_data.o)
 .bss           0x008000c6        0x0 c:/winavr_20100110/bin/../lib/gcc/avr/4.3.3/avr5\libgcc.a(_clear_bss.o)
 .bss           0x008000c6        0x0 c:/winavr_20100110/bin/../lib/gcc/avr/4.3.3/avr5\libgcc.a(_fixunssfsi.o)
 .bss           0x008000c6        0x0 c:/winavr_20100110/bin/../lib/gcc/avr/4.3.3/avr5\libgcc.a(_addsub_sf.o)
 .bss           0x008000c6        0x0 c:/winavr_20100110/bin/../lib/gcc/avr/4.3.3/avr5\libgcc.a(_mul_sf.o)
 .bss           0x008000c6        0x0 c:/winavr_20100110/bin/../lib/gcc/avr/4.3.3/avr5\libgcc.a(_gt_sf.o)
 .bss           0x008000c6        0x0 c:/winavr_20100110/bin/../lib/gcc/avr/4.3.3/avr5\libgcc.a(_ge_sf.o)
 .bss           0x008000c6        0x0 c:/winavr_20100110/bin/../lib/gcc/avr/4.3.3/avr5\libgcc.a(_lt_sf.o)
 .bss           0x008000c6        0x0 c:/winavr_20100110/bin/../lib/gcc/avr/4.3.3/avr5\libgcc.a(_sf_to_si.o)
 .bss           0x008000c6        0x0 c:/winavr_20100110/bin/../lib/gcc/avr/4.3.3/avr5\libgcc.a(_thenan_sf.o)
 .bss           0x008000c6        0x0 c:/winavr_20100110/bin/../lib/gcc/avr/4.3.3/avr5\libgcc.a(_prologue.o)
 .bss           0x008000c6        0x0 c:/winavr_20100110/bin/../lib/gcc/avr/4.3.3/avr5\libgcc.a(_epilogue.o)
 .bss           0x008000c6        0x0 c:/winavr_20100110/bin/../lib/gcc/avr/4.3.3/avr5\libgcc.a(_pack_sf.o)
 .bss           0x008000c6        0x0 c:/winavr_20100110/bin/../lib/gcc/avr/4.3.3/avr5\libgcc.a(_unpack_sf.o)
 .bss           0x008000c6        0x0 c:/winavr_20100110/bin/../lib/gcc/avr/4.3.3/avr5\libgcc.a(_fpcmp_parts_sf.o)
 .bss           0x008000c6        0x0 c:/winavr_20100110/bin/../lib/gcc/avr/4.3.3/../../../../avr/lib/avr5\libc.a(sprintf.o)
 .bss           0x008000c6        0x0 c:/winavr_20100110/bin/../lib/gcc/avr/4.3.3/../../../../avr/lib/avr5\libc.a(vfprintf_std.o)
 .bss           0x008000c6        0x0 c:/winavr_20100110/bin/../lib/gcc/avr/4.3.3/../../../../avr/lib/avr5\libc.a(strnlen_P.o)
 .bss           0x008000c6        0x0 c:/winavr_20100110/bin/../lib/gcc/avr/4.3.3/../../../../avr/lib/avr5\libc.a(strnlen.o)
 .bss           0x008000c6        0x0 c:/winavr_20100110/bin/../lib/gcc/avr/4.3.3/../../../../avr/lib/avr5\libc.a(fputc.o)
 .bss           0x008000c6        0x0 c:/winavr_20100110/bin/../lib/gcc/avr/4.3.3/../../../../avr/lib/avr5\libc.a(ultoa_invert.o)
 *(.bss*)
 .bss.Second_Counter
                0x008000c6        0x1 ./Mcal_Layer/Timers/Timer1/Timer1.o
                0x008000c6                Second_Counter
 .bss.Minute_Counter
                0x008000c7        0x1 ./Mcal_Layer/Timers/Timer1/Timer1.o
                0x008000c7                Minute_Counter
 .bss.Timer1_Ovf_Counter
                0x008000c8        0x1 ./Mcal_Layer/Timers/Timer1/Timer1.o
 .bss.Ovf_Counter
                0x008000c9        0x1 ./Mcal_Layer/Timers/Timer0/Timer0.o
                0x008000c9                Ovf_Counter
 .bss.Sec_Counter
                0x008000ca        0x1 ./Mcal_Layer/Timers/Timer0/Timer0.o
                0x008000ca                Sec_Counter
 .bss.Min_Counter
                0x008000cb        0x1 ./Mcal_Layer/Timers/Timer0/Timer0.o
                0x008000cb                Min_Counter
 .bss.Loc_sec.1666
                0x008000cc        0x1 ./Mcal_Layer/Timers/Timer0/Timer0.o
 .bss.Ext_Interrupt0_Handler
                0x008000cd        0x2 ./Mcal_Layer/Mcal_Interrupt/Mcal_Interrupt.o
 .bss.Ext_Interrupt1_Handler
                0x008000cf        0x2 ./Mcal_Layer/Mcal_Interrupt/Mcal_Interrupt.o
 .bss.Ext_Interrupt2_Handler
                0x008000d1        0x2 ./Mcal_Layer/Mcal_Interrupt/Mcal_Interrupt.o
 .bss.minuts.1795
                0x008000d3        0x1 ./Ecu_Layer/Ecu_Initialization/Ecu_Init.o
 .bss.sec.1794  0x008000d4        0x1 ./Ecu_Layer/Ecu_Initialization/Ecu_Init.o
 *(COMMON)
                0x008000d5                PROVIDE (__bss_end, .)
                0x000040be                __data_load_start = LOADADDR (.data)
                0x00004124                __data_load_end = (__data_load_start + SIZEOF (.data))

.noinit         0x008000d5        0x0
                0x008000d5                PROVIDE (__noinit_start, .)
 *(.noinit*)
                0x008000d5                PROVIDE (__noinit_end, .)
                0x008000d5                _end = .
                0x008000d5                PROVIDE (__heap_start, .)

.eeprom         0x00810000        0x0
 *(.eeprom*)
                0x00810000                __eeprom_end = .

.fuse
 *(.fuse)
 *(.lfuse)
 *(.hfuse)
 *(.efuse)

.lock
 *(.lock*)

.signature
 *(.signature*)

.stab           0x00000000     0x69cc
 *(.stab)
 .stab          0x00000000      0x6f0 ./Mcal_Layer/Timers/Timer1/Timer1.o
 .stab          0x000006f0      0x4a4 ./Mcal_Layer/Timers/Timer0/Timer0.o
                                0x6cc (size before relaxing)
 .stab          0x00000b94      0xe04 ./Mcal_Layer/Mcal_Interrupt/Mcal_Interrupt.o
                               0x102c (size before relaxing)
 .stab          0x00001998      0x9a8 ./Mcal_Layer/Mcal_Gpio/Mcal_Gpio.o
                                0xbd0 (size before relaxing)
 .stab          0x00002340      0x8b8 ./Ecu_Layer/Ecu_led/led.o
                                0xae0 (size before relaxing)
 .stab          0x00002bf8      0x3b4 ./Ecu_Layer/Ecu_SSD/BCD_SSD.o
                                0x5dc (size before relaxing)
 .stab          0x00002fac      0x198 ./Ecu_Layer/Ecu_SSD/SSD.o
                                0x5dc (size before relaxing)
 .stab          0x00003144      0x3b4 ./Ecu_Layer/Ecu_Relay/relay.o
                                0x5dc (size before relaxing)
 .stab          0x000034f8      0x63c ./Ecu_Layer/Ecu_Keypad/keypad.o
                                0x864 (size before relaxing)
 .stab          0x00003b34      0x4f8 ./Ecu_Layer/Ecu_Initialization/Ecu_Init.o
                                0x720 (size before relaxing)
 .stab          0x0000402c      0x3b4 ./Ecu_Layer/Ecu_Dc_Motor/dc_motor.o
                                0x5dc (size before relaxing)
 .stab          0x000043e0     0x1c8c ./Ecu_Layer/Ecu_Char_Lcd/char_lcd.o
                               0x1eb4 (size before relaxing)
 .stab          0x0000606c      0x57c ./Ecu_Layer/Ecu_Btn/Button.o
                                0x7a4 (size before relaxing)
 .stab          0x000065e8      0x3e4 ./App_Main/main.o
                                0x60c (size before relaxing)

.stabstr        0x00000000     0x5c60
 *(.stabstr)
 .stabstr       0x00000000     0x5c60 ./Mcal_Layer/Timers/Timer1/Timer1.o

.stab.excl
 *(.stab.excl)

.stab.exclstr
 *(.stab.exclstr)

.stab.index
 *(.stab.index)

.stab.indexstr
 *(.stab.indexstr)

.comment
 *(.comment)

.debug
 *(.debug)

.line
 *(.line)

.debug_srcinfo
 *(.debug_srcinfo)

.debug_sfnames
 *(.debug_sfnames)

.debug_aranges  0x00000000      0x140
 *(.debug_aranges)
 .debug_aranges
                0x00000000       0x20 c:/winavr_20100110/bin/../lib/gcc/avr/4.3.3/avr5\libgcc.a(_fixunssfsi.o)
 .debug_aranges
                0x00000020       0x20 c:/winavr_20100110/bin/../lib/gcc/avr/4.3.3/avr5\libgcc.a(_addsub_sf.o)
 .debug_aranges
                0x00000040       0x20 c:/winavr_20100110/bin/../lib/gcc/avr/4.3.3/avr5\libgcc.a(_mul_sf.o)
 .debug_aranges
                0x00000060       0x20 c:/winavr_20100110/bin/../lib/gcc/avr/4.3.3/avr5\libgcc.a(_gt_sf.o)
 .debug_aranges
                0x00000080       0x20 c:/winavr_20100110/bin/../lib/gcc/avr/4.3.3/avr5\libgcc.a(_ge_sf.o)
 .debug_aranges
                0x000000a0       0x20 c:/winavr_20100110/bin/../lib/gcc/avr/4.3.3/avr5\libgcc.a(_lt_sf.o)
 .debug_aranges
                0x000000c0       0x20 c:/winavr_20100110/bin/../lib/gcc/avr/4.3.3/avr5\libgcc.a(_sf_to_si.o)
 .debug_aranges
                0x000000e0       0x20 c:/winavr_20100110/bin/../lib/gcc/avr/4.3.3/avr5\libgcc.a(_pack_sf.o)
 .debug_aranges
                0x00000100       0x20 c:/winavr_20100110/bin/../lib/gcc/avr/4.3.3/avr5\libgcc.a(_unpack_sf.o)
 .debug_aranges
                0x00000120       0x20 c:/winavr_20100110/bin/../lib/gcc/avr/4.3.3/avr5\libgcc.a(_fpcmp_parts_sf.o)

.debug_pubnames
                0x00000000      0x170
 *(.debug_pubnames)
 .debug_pubnames
                0x00000000       0x23 c:/winavr_20100110/bin/../lib/gcc/avr/4.3.3/avr5\libgcc.a(_fixunssfsi.o)
 .debug_pubnames
                0x00000023       0x2c c:/winavr_20100110/bin/../lib/gcc/avr/4.3.3/avr5\libgcc.a(_addsub_sf.o)
 .debug_pubnames
                0x0000004f       0x1f c:/winavr_20100110/bin/../lib/gcc/avr/4.3.3/avr5\libgcc.a(_mul_sf.o)
 .debug_pubnames
                0x0000006e       0x1e c:/winavr_20100110/bin/../lib/gcc/avr/4.3.3/avr5\libgcc.a(_gt_sf.o)
 .debug_pubnames
                0x0000008c       0x1e c:/winavr_20100110/bin/../lib/gcc/avr/4.3.3/avr5\libgcc.a(_ge_sf.o)
 .debug_pubnames
                0x000000aa       0x1e c:/winavr_20100110/bin/../lib/gcc/avr/4.3.3/avr5\libgcc.a(_lt_sf.o)
 .debug_pubnames
                0x000000c8       0x20 c:/winavr_20100110/bin/../lib/gcc/avr/4.3.3/avr5\libgcc.a(_sf_to_si.o)
 .debug_pubnames
                0x000000e8       0x22 c:/winavr_20100110/bin/../lib/gcc/avr/4.3.3/avr5\libgcc.a(_thenan_sf.o)
 .debug_pubnames
                0x0000010a       0x1f c:/winavr_20100110/bin/../lib/gcc/avr/4.3.3/avr5\libgcc.a(_pack_sf.o)
 .debug_pubnames
                0x00000129       0x21 c:/winavr_20100110/bin/../lib/gcc/avr/4.3.3/avr5\libgcc.a(_unpack_sf.o)
 .debug_pubnames
                0x0000014a       0x26 c:/winavr_20100110/bin/../lib/gcc/avr/4.3.3/avr5\libgcc.a(_fpcmp_parts_sf.o)

.debug_info     0x00000000     0x1c49
 *(.debug_info)
 .debug_info    0x00000000       0xb1 c:/winavr_20100110/bin/../lib/gcc/avr/4.3.3/avr5\libgcc.a(_fixunssfsi.o)
 .debug_info    0x000000b1      0x47a c:/winavr_20100110/bin/../lib/gcc/avr/4.3.3/avr5\libgcc.a(_addsub_sf.o)
 .debug_info    0x0000052b      0x485 c:/winavr_20100110/bin/../lib/gcc/avr/4.3.3/avr5\libgcc.a(_mul_sf.o)
 .debug_info    0x000009b0      0x27f c:/winavr_20100110/bin/../lib/gcc/avr/4.3.3/avr5\libgcc.a(_gt_sf.o)
 .debug_info    0x00000c2f      0x27f c:/winavr_20100110/bin/../lib/gcc/avr/4.3.3/avr5\libgcc.a(_ge_sf.o)
 .debug_info    0x00000eae      0x27f c:/winavr_20100110/bin/../lib/gcc/avr/4.3.3/avr5\libgcc.a(_lt_sf.o)
 .debug_info    0x0000112d      0x2b0 c:/winavr_20100110/bin/../lib/gcc/avr/4.3.3/avr5\libgcc.a(_sf_to_si.o)
 .debug_info    0x000013dd      0x12c c:/winavr_20100110/bin/../lib/gcc/avr/4.3.3/avr5\libgcc.a(_thenan_sf.o)
 .debug_info    0x00001509      0x2df c:/winavr_20100110/bin/../lib/gcc/avr/4.3.3/avr5\libgcc.a(_pack_sf.o)
 .debug_info    0x000017e8      0x251 c:/winavr_20100110/bin/../lib/gcc/avr/4.3.3/avr5\libgcc.a(_unpack_sf.o)
 .debug_info    0x00001a39      0x210 c:/winavr_20100110/bin/../lib/gcc/avr/4.3.3/avr5\libgcc.a(_fpcmp_parts_sf.o)
 *(.gnu.linkonce.wi.*)

.debug_abbrev   0x00000000      0xeeb
 *(.debug_abbrev)
 .debug_abbrev  0x00000000       0x5d c:/winavr_20100110/bin/../lib/gcc/avr/4.3.3/avr5\libgcc.a(_fixunssfsi.o)
 .debug_abbrev  0x0000005d      0x1ea c:/winavr_20100110/bin/../lib/gcc/avr/4.3.3/avr5\libgcc.a(_addsub_sf.o)
 .debug_abbrev  0x00000247      0x21b c:/winavr_20100110/bin/../lib/gcc/avr/4.3.3/avr5\libgcc.a(_mul_sf.o)
 .debug_abbrev  0x00000462      0x15a c:/winavr_20100110/bin/../lib/gcc/avr/4.3.3/avr5\libgcc.a(_gt_sf.o)
 .debug_abbrev  0x000005bc      0x15a c:/winavr_20100110/bin/../lib/gcc/avr/4.3.3/avr5\libgcc.a(_ge_sf.o)
 .debug_abbrev  0x00000716      0x15a c:/winavr_20100110/bin/../lib/gcc/avr/4.3.3/avr5\libgcc.a(_lt_sf.o)
 .debug_abbrev  0x00000870      0x17f c:/winavr_20100110/bin/../lib/gcc/avr/4.3.3/avr5\libgcc.a(_sf_to_si.o)
 .debug_abbrev  0x000009ef       0xad c:/winavr_20100110/bin/../lib/gcc/avr/4.3.3/avr5\libgcc.a(_thenan_sf.o)
 .debug_abbrev  0x00000a9c      0x1c0 c:/winavr_20100110/bin/../lib/gcc/avr/4.3.3/avr5\libgcc.a(_pack_sf.o)
 .debug_abbrev  0x00000c5c      0x154 c:/winavr_20100110/bin/../lib/gcc/avr/4.3.3/avr5\libgcc.a(_unpack_sf.o)
 .debug_abbrev  0x00000db0      0x13b c:/winavr_20100110/bin/../lib/gcc/avr/4.3.3/avr5\libgcc.a(_fpcmp_parts_sf.o)

.debug_line     0x00000000      0xdad
 *(.debug_line)
 .debug_line    0x00000000       0xa7 c:/winavr_20100110/bin/../lib/gcc/avr/4.3.3/avr5\libgcc.a(_fixunssfsi.o)
 .debug_line    0x000000a7      0x2af c:/winavr_20100110/bin/../lib/gcc/avr/4.3.3/avr5\libgcc.a(_addsub_sf.o)
 .debug_line    0x00000356      0x239 c:/winavr_20100110/bin/../lib/gcc/avr/4.3.3/avr5\libgcc.a(_mul_sf.o)
 .debug_line    0x0000058f       0xd3 c:/winavr_20100110/bin/../lib/gcc/avr/4.3.3/avr5\libgcc.a(_gt_sf.o)
 .debug_line    0x00000662       0xd3 c:/winavr_20100110/bin/../lib/gcc/avr/4.3.3/avr5\libgcc.a(_ge_sf.o)
 .debug_line    0x00000735       0xd3 c:/winavr_20100110/bin/../lib/gcc/avr/4.3.3/avr5\libgcc.a(_lt_sf.o)
 .debug_line    0x00000808      0x109 c:/winavr_20100110/bin/../lib/gcc/avr/4.3.3/avr5\libgcc.a(_sf_to_si.o)
 .debug_line    0x00000911       0x90 c:/winavr_20100110/bin/../lib/gcc/avr/4.3.3/avr5\libgcc.a(_thenan_sf.o)
 .debug_line    0x000009a1      0x18a c:/winavr_20100110/bin/../lib/gcc/avr/4.3.3/avr5\libgcc.a(_pack_sf.o)
 .debug_line    0x00000b2b      0x14b c:/winavr_20100110/bin/../lib/gcc/avr/4.3.3/avr5\libgcc.a(_unpack_sf.o)
 .debug_line    0x00000c76      0x137 c:/winavr_20100110/bin/../lib/gcc/avr/4.3.3/avr5\libgcc.a(_fpcmp_parts_sf.o)

.debug_frame    0x00000000      0x160
 *(.debug_frame)
 .debug_frame   0x00000000       0x20 c:/winavr_20100110/bin/../lib/gcc/avr/4.3.3/avr5\libgcc.a(_fixunssfsi.o)
 .debug_frame   0x00000020       0x40 c:/winavr_20100110/bin/../lib/gcc/avr/4.3.3/avr5\libgcc.a(_addsub_sf.o)
 .debug_frame   0x00000060       0x20 c:/winavr_20100110/bin/../lib/gcc/avr/4.3.3/avr5\libgcc.a(_mul_sf.o)
 .debug_frame   0x00000080       0x20 c:/winavr_20100110/bin/../lib/gcc/avr/4.3.3/avr5\libgcc.a(_gt_sf.o)
 .debug_frame   0x000000a0       0x20 c:/winavr_20100110/bin/../lib/gcc/avr/4.3.3/avr5\libgcc.a(_ge_sf.o)
 .debug_frame   0x000000c0       0x20 c:/winavr_20100110/bin/../lib/gcc/avr/4.3.3/avr5\libgcc.a(_lt_sf.o)
 .debug_frame   0x000000e0       0x20 c:/winavr_20100110/bin/../lib/gcc/avr/4.3.3/avr5\libgcc.a(_sf_to_si.o)
 .debug_frame   0x00000100       0x20 c:/winavr_20100110/bin/../lib/gcc/avr/4.3.3/avr5\libgcc.a(_pack_sf.o)
 .debug_frame   0x00000120       0x20 c:/winavr_20100110/bin/../lib/gcc/avr/4.3.3/avr5\libgcc.a(_unpack_sf.o)
 .debug_frame   0x00000140       0x20 c:/winavr_20100110/bin/../lib/gcc/avr/4.3.3/avr5\libgcc.a(_fpcmp_parts_sf.o)

.debug_str      0x00000000      0x28d
 *(.debug_str)
 .debug_str     0x00000000       0xbf c:/winavr_20100110/bin/../lib/gcc/avr/4.3.3/avr5\libgcc.a(_fixunssfsi.o)
                                 0xfe (size before relaxing)
 .debug_str     0x000000bf      0x14d c:/winavr_20100110/bin/../lib/gcc/avr/4.3.3/avr5\libgcc.a(_addsub_sf.o)
                                0x206 (size before relaxing)
 .debug_str     0x0000020c       0x27 c:/winavr_20100110/bin/../lib/gcc/avr/4.3.3/avr5\libgcc.a(_mul_sf.o)
                                0x1bf (size before relaxing)
 .debug_str     0x00000233        0xf c:/winavr_20100110/bin/../lib/gcc/avr/4.3.3/avr5\libgcc.a(_gt_sf.o)
                                0x195 (size before relaxing)
 .debug_str     0x00000242        0x8 c:/winavr_20100110/bin/../lib/gcc/avr/4.3.3/avr5\libgcc.a(_ge_sf.o)
                                0x195 (size before relaxing)
 .debug_str     0x0000024a        0x8 c:/winavr_20100110/bin/../lib/gcc/avr/4.3.3/avr5\libgcc.a(_lt_sf.o)
                                0x195 (size before relaxing)
 .debug_str     0x00000252        0xa c:/winavr_20100110/bin/../lib/gcc/avr/4.3.3/avr5\libgcc.a(_sf_to_si.o)
                                0x19e (size before relaxing)
 .debug_str     0x00000000      0x103 c:/winavr_20100110/bin/../lib/gcc/avr/4.3.3/avr5\libgcc.a(_thenan_sf.o)
 .debug_str     0x0000025c       0x16 c:/winavr_20100110/bin/../lib/gcc/avr/4.3.3/avr5\libgcc.a(_pack_sf.o)
                                0x19d (size before relaxing)
 .debug_str     0x00000272        0xb c:/winavr_20100110/bin/../lib/gcc/avr/4.3.3/avr5\libgcc.a(_unpack_sf.o)
                                0x17f (size before relaxing)
 .debug_str     0x0000027d       0x10 c:/winavr_20100110/bin/../lib/gcc/avr/4.3.3/avr5\libgcc.a(_fpcmp_parts_sf.o)
                                0x163 (size before relaxing)

.debug_loc      0x00000000      0x7ce
 *(.debug_loc)
 .debug_loc     0x00000000       0x34 c:/winavr_20100110/bin/../lib/gcc/avr/4.3.3/avr5\libgcc.a(_fixunssfsi.o)
 .debug_loc     0x00000034      0x32a c:/winavr_20100110/bin/../lib/gcc/avr/4.3.3/avr5\libgcc.a(_addsub_sf.o)
 .debug_loc     0x0000035e      0x104 c:/winavr_20100110/bin/../lib/gcc/avr/4.3.3/avr5\libgcc.a(_mul_sf.o)
 .debug_loc     0x00000462       0x3c c:/winavr_20100110/bin/../lib/gcc/avr/4.3.3/avr5\libgcc.a(_gt_sf.o)
 .debug_loc     0x0000049e       0x3c c:/winavr_20100110/bin/../lib/gcc/avr/4.3.3/avr5\libgcc.a(_ge_sf.o)
 .debug_loc     0x000004da       0x3c c:/winavr_20100110/bin/../lib/gcc/avr/4.3.3/avr5\libgcc.a(_lt_sf.o)
 .debug_loc     0x00000516       0x7e c:/winavr_20100110/bin/../lib/gcc/avr/4.3.3/avr5\libgcc.a(_sf_to_si.o)
 .debug_loc     0x00000594      0x13e c:/winavr_20100110/bin/../lib/gcc/avr/4.3.3/avr5\libgcc.a(_pack_sf.o)
 .debug_loc     0x000006d2       0xac c:/winavr_20100110/bin/../lib/gcc/avr/4.3.3/avr5\libgcc.a(_unpack_sf.o)
 .debug_loc     0x0000077e       0x50 c:/winavr_20100110/bin/../lib/gcc/avr/4.3.3/avr5\libgcc.a(_fpcmp_parts_sf.o)

.debug_macinfo
 *(.debug_macinfo)
OUTPUT(washing_machine2.elf elf32-avr)
LOAD linker stubs

.debug_ranges   0x00000000       0x50
 .debug_ranges  0x00000000       0x50 c:/winavr_20100110/bin/../lib/gcc/avr/4.3.3/avr5\libgcc.a(_mul_sf.o)
