Archive member included because of file (symbol)

c:/winavr_20100110/bin/../lib/gcc/avr/4.3.3/avr5\libgcc.a(_exit.o)
                              c:/winavr_20100110/bin/../lib/gcc/avr/4.3.3/../../../../avr/lib/avr5/crtm16.o (exit)
c:/winavr_20100110/bin/../lib/gcc/avr/4.3.3/avr5\libgcc.a(_copy_data.o)
                              ./machine/manual/program.o (__do_copy_data)
c:/winavr_20100110/bin/../lib/gcc/avr/4.3.3/avr5\libgcc.a(_clear_bss.o)
                              ./machine/auto/auto_program.o (__do_clear_bss)
c:/winavr_20100110/bin/../lib/gcc/avr/4.3.3/../../../../avr/lib/avr5\libc.a(sprintf.o)
                              ./Ecu_Layer/Ecu_Char_Lcd/char_lcd.o (sprintf)
c:/winavr_20100110/bin/../lib/gcc/avr/4.3.3/../../../../avr/lib/avr5\libc.a(vfprintf_std.o)
                              c:/winavr_20100110/bin/../lib/gcc/avr/4.3.3/../../../../avr/lib/avr5\libc.a(sprintf.o) (vfprintf)
c:/winavr_20100110/bin/../lib/gcc/avr/4.3.3/../../../../avr/lib/avr5\libc.a(strnlen_P.o)
                              c:/winavr_20100110/bin/../lib/gcc/avr/4.3.3/../../../../avr/lib/avr5\libc.a(vfprintf_std.o) (strnlen_P)
c:/winavr_20100110/bin/../lib/gcc/avr/4.3.3/../../../../avr/lib/avr5\libc.a(strnlen.o)
                              c:/winavr_20100110/bin/../lib/gcc/avr/4.3.3/../../../../avr/lib/avr5\libc.a(vfprintf_std.o) (strnlen)
c:/winavr_20100110/bin/../lib/gcc/avr/4.3.3/../../../../avr/lib/avr5\libc.a(fputc.o)
                              c:/winavr_20100110/bin/../lib/gcc/avr/4.3.3/../../../../avr/lib/avr5\libc.a(vfprintf_std.o) (fputc)
c:/winavr_20100110/bin/../lib/gcc/avr/4.3.3/../../../../avr/lib/avr5\libc.a(ultoa_invert.o)
                              c:/winavr_20100110/bin/../lib/gcc/avr/4.3.3/../../../../avr/lib/avr5\libc.a(vfprintf_std.o) (__ultoa_invert)
c:/winavr_20100110/bin/../lib/gcc/avr/4.3.3/avr5\libgcc.a(_prologue.o)
                              c:/winavr_20100110/bin/../lib/gcc/avr/4.3.3/../../../../avr/lib/avr5\libc.a(sprintf.o) (__prologue_saves__)
c:/winavr_20100110/bin/../lib/gcc/avr/4.3.3/avr5\libgcc.a(_epilogue.o)
                              c:/winavr_20100110/bin/../lib/gcc/avr/4.3.3/../../../../avr/lib/avr5\libc.a(sprintf.o) (__epilogue_restores__)

Allocating common symbols
Common symbol       size              file

G_Rinse_Minut_Counter
                    0x1               ./machine/auto/auto_program.o
G_Drain_Minut_Counter
                    0x1               ./machine/auto/auto_program.o
G_Wash_Sec_Counter  0x1               ./machine/auto/auto_program.o
G_Wash_Minut_Counter
                    0x1               ./machine/auto/auto_program.o
G_Drain_Sec_Counter
                    0x1               ./machine/auto/auto_program.o
G_Rinse_Sec_Counter
                    0x1               ./machine/auto/auto_program.o

Memory Configuration

Name             Origin             Length             Attributes
text             0x00000000         0x00020000         xr
data             0x00800060         0x0000ffa0         rw !x
eeprom           0x00810000         0x00010000         rw !x
fuse             0x00820000         0x00000400         rw !x
lock             0x00830000         0x00000400         rw !x
signature        0x00840000         0x00000400         rw !x
*default*        0x00000000         0xffffffff

Linker script and memory map

LOAD c:/winavr_20100110/bin/../lib/gcc/avr/4.3.3/../../../../avr/lib/avr5/crtm16.o
LOAD ./machine/manual/program.o
LOAD ./machine/auto/auto_program.o
LOAD ./Mcal_Layer/Timers/Timer2/Timer2_Program.o
LOAD ./Mcal_Layer/Timers/Timer1/Timer1.o
LOAD ./Mcal_Layer/Timers/Timer0/Timer0.o
LOAD ./Mcal_Layer/Mcal_Interrupt/Mcal_Interrupt.o
LOAD ./Mcal_Layer/Mcal_Gpio/Mcal_Gpio.o
LOAD ./Ecu_Layer/Ecu_led/led.o
LOAD ./Ecu_Layer/Ecu_SSD/BCD_SSD.o
LOAD ./Ecu_Layer/Ecu_SSD/SSD.o
LOAD ./Ecu_Layer/Ecu_Relay/relay.o
LOAD ./Ecu_Layer/Ecu_Keypad/keypad.o
LOAD ./Ecu_Layer/Ecu_Initialization/Ecu_Init.o
LOAD ./Ecu_Layer/Ecu_Dc_Motor/motor_dc.o
LOAD ./Ecu_Layer/Ecu_Char_Lcd/char_lcd.o
LOAD ./Ecu_Layer/Ecu_Btn/Button.o
LOAD ./App_Main/Machine_Lcd/Machine_Lcd.o
LOAD ./App_Main/main.o
LOAD c:/winavr_20100110/bin/../lib/gcc/avr/4.3.3/avr5\libgcc.a
LOAD c:/winavr_20100110/bin/../lib/gcc/avr/4.3.3/../../../../avr/lib/avr5\libc.a
LOAD c:/winavr_20100110/bin/../lib/gcc/avr/4.3.3/avr5\libgcc.a

.hash
 *(.hash)

.dynsym
 *(.dynsym)

.dynstr
 *(.dynstr)

.gnu.version
 *(.gnu.version)

.gnu.version_d
 *(.gnu.version_d)

.gnu.version_r
 *(.gnu.version_r)

.rel.init
 *(.rel.init)

.rela.init
 *(.rela.init)

.rel.text
 *(.rel.text)
 *(.rel.text.*)
 *(.rel.gnu.linkonce.t*)

.rela.text
 *(.rela.text)
 *(.rela.text.*)
 *(.rela.gnu.linkonce.t*)

.rel.fini
 *(.rel.fini)

.rela.fini
 *(.rela.fini)

.rel.rodata
 *(.rel.rodata)
 *(.rel.rodata.*)
 *(.rel.gnu.linkonce.r*)

.rela.rodata
 *(.rela.rodata)
 *(.rela.rodata.*)
 *(.rela.gnu.linkonce.r*)

.rel.data
 *(.rel.data)
 *(.rel.data.*)
 *(.rel.gnu.linkonce.d*)

.rela.data
 *(.rela.data)
 *(.rela.data.*)
 *(.rela.gnu.linkonce.d*)

.rel.ctors
 *(.rel.ctors)

.rela.ctors
 *(.rela.ctors)

.rel.dtors
 *(.rel.dtors)

.rela.dtors
 *(.rela.dtors)

.rel.got
 *(.rel.got)

.rela.got
 *(.rela.got)

.rel.bss
 *(.rel.bss)

.rela.bss
 *(.rela.bss)

.rel.plt
 *(.rel.plt)

.rela.plt
 *(.rela.plt)

.text           0x00000000     0x222a
 *(.vectors)
 .vectors       0x00000000       0x54 c:/winavr_20100110/bin/../lib/gcc/avr/4.3.3/../../../../avr/lib/avr5/crtm16.o
                0x00000000                __vectors
                0x00000000                __vector_default
 *(.vectors)
 *(.progmem.gcc*)
 *(.progmem*)
                0x00000054                . = ALIGN (0x2)
                0x00000054                __trampolines_start = .
 *(.trampolines)
 .trampolines   0x00000054        0x0 linker stubs
 *(.trampolines*)
                0x00000054                __trampolines_end = .
 *(.jumptables)
 *(.jumptables*)
 *(.lowtext)
 *(.lowtext*)
                0x00000054                __ctors_start = .
 *(.ctors)
                0x00000054                __ctors_end = .
                0x00000054                __dtors_start = .
 *(.dtors)
                0x00000054                __dtors_end = .
 SORT(*)(.ctors)
 SORT(*)(.dtors)
 *(.init0)
 .init0         0x00000054        0x0 c:/winavr_20100110/bin/../lib/gcc/avr/4.3.3/../../../../avr/lib/avr5/crtm16.o
                0x00000054                __init
 *(.init0)
 *(.init1)
 *(.init1)
 *(.init2)
 .init2         0x00000054        0xc c:/winavr_20100110/bin/../lib/gcc/avr/4.3.3/../../../../avr/lib/avr5/crtm16.o
 *(.init2)
 *(.init3)
 *(.init3)
 *(.init4)
 .init4         0x00000060       0x16 c:/winavr_20100110/bin/../lib/gcc/avr/4.3.3/avr5\libgcc.a(_copy_data.o)
                0x00000060                __do_copy_data
 .init4         0x00000076       0x10 c:/winavr_20100110/bin/../lib/gcc/avr/4.3.3/avr5\libgcc.a(_clear_bss.o)
                0x00000076                __do_clear_bss
 *(.init4)
 *(.init5)
 *(.init5)
 *(.init6)
 *(.init6)
 *(.init7)
 *(.init7)
 *(.init8)
 *(.init8)
 *(.init9)
 .init9         0x00000086        0x8 c:/winavr_20100110/bin/../lib/gcc/avr/4.3.3/../../../../avr/lib/avr5/crtm16.o
 *(.init9)
 *(.text)
 .text          0x0000008e        0x4 c:/winavr_20100110/bin/../lib/gcc/avr/4.3.3/../../../../avr/lib/avr5/crtm16.o
                0x0000008e                __vector_12
                0x0000008e                __bad_interrupt
                0x0000008e                __vector_6
                0x0000008e                __vector_13
                0x0000008e                __vector_17
                0x0000008e                __vector_19
                0x0000008e                __vector_7
                0x0000008e                __vector_5
                0x0000008e                __vector_4
                0x0000008e                __vector_9
                0x0000008e                __vector_15
                0x0000008e                __vector_8
                0x0000008e                __vector_14
                0x0000008e                __vector_10
                0x0000008e                __vector_16
                0x0000008e                __vector_18
                0x0000008e                __vector_20
 .text          0x00000092        0x0 ./machine/manual/program.o
 .text          0x00000092        0x0 ./machine/auto/auto_program.o
 .text          0x00000092        0x0 ./Mcal_Layer/Timers/Timer2/Timer2_Program.o
 .text          0x00000092        0x0 ./Mcal_Layer/Timers/Timer1/Timer1.o
 .text          0x00000092        0x0 ./Mcal_Layer/Timers/Timer0/Timer0.o
 .text          0x00000092        0x0 ./Mcal_Layer/Mcal_Interrupt/Mcal_Interrupt.o
 .text          0x00000092        0x0 ./Mcal_Layer/Mcal_Gpio/Mcal_Gpio.o
 .text          0x00000092        0x0 ./Ecu_Layer/Ecu_led/led.o
 .text          0x00000092        0x0 ./Ecu_Layer/Ecu_SSD/BCD_SSD.o
 .text          0x00000092        0x0 ./Ecu_Layer/Ecu_SSD/SSD.o
 .text          0x00000092        0x0 ./Ecu_Layer/Ecu_Relay/relay.o
 .text          0x00000092        0x0 ./Ecu_Layer/Ecu_Keypad/keypad.o
 .text          0x00000092        0x0 ./Ecu_Layer/Ecu_Initialization/Ecu_Init.o
 .text          0x00000092        0x0 ./Ecu_Layer/Ecu_Dc_Motor/motor_dc.o
 .text          0x00000092        0x0 ./Ecu_Layer/Ecu_Char_Lcd/char_lcd.o
 .text          0x00000092        0x0 ./Ecu_Layer/Ecu_Btn/Button.o
 .text          0x00000092        0x0 ./App_Main/Machine_Lcd/Machine_Lcd.o
 .text          0x00000092        0x0 ./App_Main/main.o
 .text          0x00000092        0x0 c:/winavr_20100110/bin/../lib/gcc/avr/4.3.3/avr5\libgcc.a(_exit.o)
 .text          0x00000092        0x0 c:/winavr_20100110/bin/../lib/gcc/avr/4.3.3/avr5\libgcc.a(_copy_data.o)
 .text          0x00000092        0x0 c:/winavr_20100110/bin/../lib/gcc/avr/4.3.3/avr5\libgcc.a(_clear_bss.o)
 .text          0x00000092        0x0 c:/winavr_20100110/bin/../lib/gcc/avr/4.3.3/../../../../avr/lib/avr5\libc.a(sprintf.o)
 .text          0x00000092        0x0 c:/winavr_20100110/bin/../lib/gcc/avr/4.3.3/../../../../avr/lib/avr5\libc.a(vfprintf_std.o)
 .text          0x00000092        0x0 c:/winavr_20100110/bin/../lib/gcc/avr/4.3.3/../../../../avr/lib/avr5\libc.a(strnlen_P.o)
 .text          0x00000092        0x0 c:/winavr_20100110/bin/../lib/gcc/avr/4.3.3/../../../../avr/lib/avr5\libc.a(strnlen.o)
 .text          0x00000092        0x0 c:/winavr_20100110/bin/../lib/gcc/avr/4.3.3/../../../../avr/lib/avr5\libc.a(fputc.o)
 .text          0x00000092        0x0 c:/winavr_20100110/bin/../lib/gcc/avr/4.3.3/../../../../avr/lib/avr5\libc.a(ultoa_invert.o)
 .text          0x00000092        0x0 c:/winavr_20100110/bin/../lib/gcc/avr/4.3.3/avr5\libgcc.a(_prologue.o)
 .text          0x00000092        0x0 c:/winavr_20100110/bin/../lib/gcc/avr/4.3.3/avr5\libgcc.a(_epilogue.o)
                0x00000092                . = ALIGN (0x2)
 *(.text.*)
 .text.Machine_Manual_Init
                0x00000092        0x4 ./machine/manual/program.o
                0x00000092                Machine_Manual_Init
 .text.Machine_Select_Mode
                0x00000096       0x68 ./machine/manual/program.o
                0x00000096                Machine_Select_Mode
 .text.Alarm_Error
                0x000000fe       0x32 ./machine/manual/program.o
                0x000000fe                Alarm_Error
 .text.Machine_Manual_Process
                0x00000130      0x22e ./machine/manual/program.o
                0x00000130                Machine_Manual_Process
 .text.slect_auto_stat
                0x0000035e       0x62 ./machine/auto/auto_program.o
                0x0000035e                slect_auto_stat
 .text.Print_Time
                0x000003c0       0x88 ./machine/auto/auto_program.o
                0x000003c0                Print_Time
 .text.water_function
                0x00000448       0x30 ./machine/auto/auto_program.o
                0x00000448                water_function
 .text.rinse_motor_function
                0x00000478       0x40 ./machine/auto/auto_program.o
                0x00000478                rinse_motor_function
 .text.Machine_Rinse
                0x000004b8       0x2c ./machine/auto/auto_program.o
 .text.Machine_Washing
                0x000004e4       0x80 ./machine/auto/auto_program.o
                0x000004e4                Machine_Washing
 .text.Machine_Auto_Process
                0x00000564       0xd2 ./machine/auto/auto_program.o
                0x00000564                Machine_Auto_Process
 .text.Timer1_Init
                0x00000636       0x20 ./Mcal_Layer/Timers/Timer1/Timer1.o
                0x00000636                Timer1_Init
 .text.Timer1_Start
                0x00000656        0x4 ./Mcal_Layer/Timers/Timer1/Timer1.o
                0x00000656                Timer1_Start
 .text.Timer1_Stop
                0x0000065a        0x4 ./Mcal_Layer/Timers/Timer1/Timer1.o
                0x0000065a                Timer1_Stop
 .text.Timer0_Check_Available
                0x0000065e        0xa ./Mcal_Layer/Timers/Timer0/Timer0.o
                0x0000065e                Timer0_Check_Available
 .text.Timer0_Init
                0x00000668       0x24 ./Mcal_Layer/Timers/Timer0/Timer0.o
                0x00000668                Timer0_Init
 .text.Timer0_Start
                0x0000068c       0x1a ./Mcal_Layer/Timers/Timer0/Timer0.o
                0x0000068c                Timer0_Start
 .text.Timer0_Stop
                0x000006a6       0x26 ./Mcal_Layer/Timers/Timer0/Timer0.o
                0x000006a6                Timer0_Stop
 .text.Timer0_Reset
                0x000006cc        0xe ./Mcal_Layer/Timers/Timer0/Timer0.o
                0x000006cc                Timer0_Reset
 .text.Timer0_Calculate_Sec
                0x000006da       0x28 ./Mcal_Layer/Timers/Timer0/Timer0.o
                0x000006da                Timer0_Calculate_Sec
 .text.Timer0_Calculate_Min
                0x00000702       0x1c ./Mcal_Layer/Timers/Timer0/Timer0.o
                0x00000702                Timer0_Calculate_Min
 .text.Timer0_Calculate_Min_And_Sec
                0x0000071e       0x4a ./Mcal_Layer/Timers/Timer0/Timer0.o
                0x0000071e                Timer0_Calculate_Min_And_Sec
 .text.Timr0_Time_Out
                0x00000768       0x3c ./Mcal_Layer/Timers/Timer0/Timer0.o
                0x00000768                Timr0_Time_Out
 .text.Timr0_Time_Out_Stop
                0x000007a4        0x6 ./Mcal_Layer/Timers/Timer0/Timer0.o
                0x000007a4                Timr0_Time_Out_Stop
 .text.__vector_11
                0x000007aa       0x2c ./Mcal_Layer/Timers/Timer0/Timer0.o
                0x000007aa                __vector_11
 .text.Interrupt_External_Dinit
                0x000007d6        0xc ./Mcal_Layer/Mcal_Interrupt/Mcal_Interrupt.o
                0x000007d6                Interrupt_External_Dinit
 .text.Interrupt_Global_Enable
                0x000007e2        0xa ./Mcal_Layer/Mcal_Interrupt/Mcal_Interrupt.o
                0x000007e2                Interrupt_Global_Enable
 .text.Interrupt_Global_Disable
                0x000007ec        0xa ./Mcal_Layer/Mcal_Interrupt/Mcal_Interrupt.o
                0x000007ec                Interrupt_Global_Disable
 .text.__vector_1
                0x000007f6       0x54 ./Mcal_Layer/Mcal_Interrupt/Mcal_Interrupt.o
                0x000007f6                __vector_1
 .text.__vector_2
                0x0000084a       0x54 ./Mcal_Layer/Mcal_Interrupt/Mcal_Interrupt.o
                0x0000084a                __vector_2
 .text.__vector_3
                0x0000089e       0x54 ./Mcal_Layer/Mcal_Interrupt/Mcal_Interrupt.o
                0x0000089e                __vector_3
 .text.Interrupt_External_Init
                0x000008f2      0x1a0 ./Mcal_Layer/Mcal_Interrupt/Mcal_Interrupt.o
                0x000008f2                Interrupt_External_Init
 .text.gpio_pin_direction_initialize
                0x00000a92       0x52 ./Mcal_Layer/Mcal_Gpio/Mcal_Gpio.o
                0x00000a92                gpio_pin_direction_initialize
 .text.gpio_pin_get_direction_status
                0x00000ae4       0x3a ./Mcal_Layer/Mcal_Gpio/Mcal_Gpio.o
                0x00000ae4                gpio_pin_get_direction_status
 .text.gpio_pin_write_logic
                0x00000b1e       0x54 ./Mcal_Layer/Mcal_Gpio/Mcal_Gpio.o
                0x00000b1e                gpio_pin_write_logic
 .text.gpio_pin_read
                0x00000b72       0x3a ./Mcal_Layer/Mcal_Gpio/Mcal_Gpio.o
                0x00000b72                gpio_pin_read
 .text.gpio_pin_toggle
                0x00000bac       0x2c ./Mcal_Layer/Mcal_Gpio/Mcal_Gpio.o
                0x00000bac                gpio_pin_toggle
 .text.gpio_pin_initialize
                0x00000bd8       0x2e ./Mcal_Layer/Mcal_Gpio/Mcal_Gpio.o
                0x00000bd8                gpio_pin_initialize
 .text.gpio_port_direction_initialize
                0x00000c06       0x22 ./Mcal_Layer/Mcal_Gpio/Mcal_Gpio.o
                0x00000c06                gpio_port_direction_initialize
 .text.gpio_port_get_direction_status
                0x00000c28        0x4 ./Mcal_Layer/Mcal_Gpio/Mcal_Gpio.o
                0x00000c28                gpio_port_get_direction_status
 .text.gpio_port_write_logic
                0x00000c2c       0x1e ./Mcal_Layer/Mcal_Gpio/Mcal_Gpio.o
                0x00000c2c                gpio_port_write_logic
 .text.gpio_port_read_logic
                0x00000c4a        0x4 ./Mcal_Layer/Mcal_Gpio/Mcal_Gpio.o
                0x00000c4a                gpio_port_read_logic
 .text.gpio_port_toggle_logic
                0x00000c4e        0x4 ./Mcal_Layer/Mcal_Gpio/Mcal_Gpio.o
                0x00000c4e                gpio_port_toggle_logic
 .text.gpio_pin_get_status
                0x00000c52       0x1e ./Mcal_Layer/Mcal_Gpio/Mcal_Gpio.o
                0x00000c52                gpio_pin_get_status
 .text.led_Toggle
                0x00000c70       0x10 ./Ecu_Layer/Ecu_led/led.o
                0x00000c70                led_Toggle
 .text.led_blinking
                0x00000c80       0x3e ./Ecu_Layer/Ecu_led/led.o
                0x00000c80                led_blinking
 .text.led_toggle
                0x00000cbe       0x3c ./Ecu_Layer/Ecu_led/led.o
                0x00000cbe                led_toggle
 .text.led_turn_off
                0x00000cfa       0x3e ./Ecu_Layer/Ecu_led/led.o
                0x00000cfa                led_turn_off
 .text.led_turn_on
                0x00000d38       0x40 ./Ecu_Layer/Ecu_led/led.o
                0x00000d38                led_turn_on
 .text.led_inialize
                0x00000d78       0x40 ./Ecu_Layer/Ecu_led/led.o
                0x00000d78                led_inialize
 .text.Keypad_Scane
                0x00000db8      0x120 ./Ecu_Layer/Ecu_Keypad/keypad.o
                0x00000db8                Keypad_Scane
 .text.Keypad_Initialize
                0x00000ed8       0x74 ./Ecu_Layer/Ecu_Keypad/keypad.o
                0x00000ed8                Keypad_Initialize
 .text.Print_time_Lcd
                0x00000f4c       0x42 ./Ecu_Layer/Ecu_Initialization/Ecu_Init.o
                0x00000f4c                Print_time_Lcd
 .text.Ecu_Init
                0x00000f8e       0xb4 ./Ecu_Layer/Ecu_Initialization/Ecu_Init.o
                0x00000f8e                Ecu_Init
 .text.Motor_Get_Stat
                0x00001042       0x10 ./Ecu_Layer/Ecu_Dc_Motor/motor_dc.o
                0x00001042                Motor_Get_Stat
 .text.Motor_Stop
                0x00001052        0xa ./Ecu_Layer/Ecu_Dc_Motor/motor_dc.o
                0x00001052                Motor_Stop
 .text.Motor_Run
                0x0000105c        0xa ./Ecu_Layer/Ecu_Dc_Motor/motor_dc.o
                0x0000105c                Motor_Run
 .text.Motor_Init
                0x00001066        0xa ./Ecu_Layer/Ecu_Dc_Motor/motor_dc.o
                0x00001066                Motor_Init
 .text.lcd_8bit_send_command
                0x00001070       0x78 ./Ecu_Layer/Ecu_Char_Lcd/char_lcd.o
 .text.lcd_8bit_set_cursor
                0x000010e8       0x36 ./Ecu_Layer/Ecu_Char_Lcd/char_lcd.o
 .text.lcd_8bit_send_char_data
                0x0000111e       0x78 ./Ecu_Layer/Ecu_Char_Lcd/char_lcd.o
                0x0000111e                lcd_8bit_send_char_data
 .text.lcd_8bit_send_string
                0x00001196       0x30 ./Ecu_Layer/Ecu_Char_Lcd/char_lcd.o
                0x00001196                lcd_8bit_send_string
 .text.lcd_8bit_send_string_pos
                0x000011c6       0x2a ./Ecu_Layer/Ecu_Char_Lcd/char_lcd.o
                0x000011c6                lcd_8bit_send_string_pos
 .text.lcd_8bit_send_char_data_pos
                0x000011f0       0x26 ./Ecu_Layer/Ecu_Char_Lcd/char_lcd.o
                0x000011f0                lcd_8bit_send_char_data_pos
 .text.lcd_8bit_send_custom_char
                0x00001216       0x72 ./Ecu_Layer/Ecu_Char_Lcd/char_lcd.o
                0x00001216                lcd_8bit_send_custom_char
 .text.lcd_send_4bits
                0x00001288       0x46 ./Ecu_Layer/Ecu_Char_Lcd/char_lcd.o
 .text.lcd_4bit_send_enable_signal
                0x000012ce       0x28 ./Ecu_Layer/Ecu_Char_Lcd/char_lcd.o
 .text.lcd_4bit_send_command
                0x000012f6       0x40 ./Ecu_Layer/Ecu_Char_Lcd/char_lcd.o
 .text.lcd_4bit_clear
                0x00001336        0xa ./Ecu_Layer/Ecu_Char_Lcd/char_lcd.o
                0x00001336                lcd_4bit_clear
 .text.lcd_4bit_set_cursor
                0x00001340       0x36 ./Ecu_Layer/Ecu_Char_Lcd/char_lcd.o
 .text.lcd_4bit_send_char_data
                0x00001376       0x40 ./Ecu_Layer/Ecu_Char_Lcd/char_lcd.o
                0x00001376                lcd_4bit_send_char_data
 .text.lcd_4bit_send_string_pos
                0x000013b6       0x32 ./Ecu_Layer/Ecu_Char_Lcd/char_lcd.o
                0x000013b6                lcd_4bit_send_string_pos
 .text.lcd_4bit_send_num_pos
                0x000013e8       0x84 ./Ecu_Layer/Ecu_Char_Lcd/char_lcd.o
                0x000013e8                lcd_4bit_send_num_pos
 .text.lcd_4bit_send_string
                0x0000146c       0x30 ./Ecu_Layer/Ecu_Char_Lcd/char_lcd.o
                0x0000146c                lcd_4bit_send_string
 .text.lcd_4bit_send_char_data_pos
                0x0000149c       0x26 ./Ecu_Layer/Ecu_Char_Lcd/char_lcd.o
                0x0000149c                lcd_4bit_send_char_data_pos
 .text.lcd_4bit_send_custom_char
                0x000014c2       0x72 ./Ecu_Layer/Ecu_Char_Lcd/char_lcd.o
                0x000014c2                lcd_4bit_send_custom_char
 .text.lcd_8bit_intialize
                0x00001534       0xa4 ./Ecu_Layer/Ecu_Char_Lcd/char_lcd.o
                0x00001534                lcd_8bit_intialize
 .text.lcd_4bit_intialize
                0x000015d8       0xc8 ./Ecu_Layer/Ecu_Char_Lcd/char_lcd.o
                0x000015d8                lcd_4bit_intialize
 .text.button_read_state
                0x000016a0       0x8a ./Ecu_Layer/Ecu_Btn/Button.o
                0x000016a0                button_read_state
 .text.button_initialize
                0x0000172a       0x10 ./Ecu_Layer/Ecu_Btn/Button.o
                0x0000172a                button_initialize
 .text.clear_lcd_lin_num
                0x0000173a       0x56 ./App_Main/Machine_Lcd/Machine_Lcd.o
 .text.Machine_Lcd_Init
                0x00001790       0x92 ./App_Main/Machine_Lcd/Machine_Lcd.o
                0x00001790                Machine_Lcd_Init
 .text.Machine_Lcd_Updat
                0x00001822      0x41c ./App_Main/Machine_Lcd/Machine_Lcd.o
                0x00001822                Machine_Lcd_Updat
 .text.Machine_Process_function
                0x00001c3e       0x26 ./App_Main/main.o
                0x00001c3e                Machine_Process_function
 .text.main     0x00001c64       0x12 ./App_Main/main.o
                0x00001c64                main
 .text.libgcc   0x00001c76        0x0 c:/winavr_20100110/bin/../lib/gcc/avr/4.3.3/avr5\libgcc.a(_exit.o)
 .text.libgcc   0x00001c76        0x0 c:/winavr_20100110/bin/../lib/gcc/avr/4.3.3/avr5\libgcc.a(_copy_data.o)
 .text.libgcc   0x00001c76        0x0 c:/winavr_20100110/bin/../lib/gcc/avr/4.3.3/avr5\libgcc.a(_clear_bss.o)
 .text.avr-libc
                0x00001c76       0x48 c:/winavr_20100110/bin/../lib/gcc/avr/4.3.3/../../../../avr/lib/avr5\libc.a(sprintf.o)
                0x00001c76                sprintf
 .text.avr-libc
                0x00001cbe      0x3ba c:/winavr_20100110/bin/../lib/gcc/avr/4.3.3/../../../../avr/lib/avr5\libc.a(vfprintf_std.o)
                0x00001cbe                vfprintf
 .text.avr-libc
                0x00002078       0x16 c:/winavr_20100110/bin/../lib/gcc/avr/4.3.3/../../../../avr/lib/avr5\libc.a(strnlen_P.o)
                0x00002078                strnlen_P
 .text.avr-libc
                0x0000208e       0x16 c:/winavr_20100110/bin/../lib/gcc/avr/4.3.3/../../../../avr/lib/avr5\libc.a(strnlen.o)
                0x0000208e                strnlen
 .text.avr-libc
                0x000020a4       0x58 c:/winavr_20100110/bin/../lib/gcc/avr/4.3.3/../../../../avr/lib/avr5\libc.a(fputc.o)
                0x000020a4                fputc
 .text.avr-libc
                0x000020fc       0xbc c:/winavr_20100110/bin/../lib/gcc/avr/4.3.3/../../../../avr/lib/avr5\libc.a(ultoa_invert.o)
                0x000020fc                __ultoa_invert
 .text.libgcc   0x000021b8       0x38 c:/winavr_20100110/bin/../lib/gcc/avr/4.3.3/avr5\libgcc.a(_prologue.o)
                0x000021b8                __prologue_saves__
 .text.libgcc   0x000021f0       0x36 c:/winavr_20100110/bin/../lib/gcc/avr/4.3.3/avr5\libgcc.a(_epilogue.o)
                0x000021f0                __epilogue_restores__
                0x00002226                . = ALIGN (0x2)
 *(.fini9)
 .fini9         0x00002226        0x0 c:/winavr_20100110/bin/../lib/gcc/avr/4.3.3/avr5\libgcc.a(_exit.o)
                0x00002226                exit
                0x00002226                _exit
 *(.fini9)
 *(.fini8)
 *(.fini8)
 *(.fini7)
 *(.fini7)
 *(.fini6)
 *(.fini6)
 *(.fini5)
 *(.fini5)
 *(.fini4)
 *(.fini4)
 *(.fini3)
 *(.fini3)
 *(.fini2)
 *(.fini2)
 *(.fini1)
 *(.fini1)
 *(.fini0)
 .fini0         0x00002226        0x4 c:/winavr_20100110/bin/../lib/gcc/avr/4.3.3/avr5\libgcc.a(_exit.o)
 *(.fini0)
                0x0000222a                _etext = .

.data           0x00800060      0x1c2 load address 0x0000222a
                0x00800060                PROVIDE (__data_start, .)
 *(.data)
 .data          0x00800060        0x0 c:/winavr_20100110/bin/../lib/gcc/avr/4.3.3/../../../../avr/lib/avr5/crtm16.o
 .data          0x00800060        0x0 ./machine/manual/program.o
 .data          0x00800060        0x7 ./machine/auto/auto_program.o
 .data          0x00800067        0x0 ./Mcal_Layer/Timers/Timer2/Timer2_Program.o
 .data          0x00800067        0x0 ./Mcal_Layer/Timers/Timer1/Timer1.o
 .data          0x00800067        0x0 ./Mcal_Layer/Timers/Timer0/Timer0.o
 .data          0x00800067        0x0 ./Mcal_Layer/Mcal_Interrupt/Mcal_Interrupt.o
 .data          0x00800067        0x0 ./Mcal_Layer/Mcal_Gpio/Mcal_Gpio.o
 .data          0x00800067        0x0 ./Ecu_Layer/Ecu_led/led.o
 .data          0x00800067        0x0 ./Ecu_Layer/Ecu_SSD/BCD_SSD.o
 .data          0x00800067        0x0 ./Ecu_Layer/Ecu_SSD/SSD.o
 .data          0x00800067        0x0 ./Ecu_Layer/Ecu_Relay/relay.o
 .data          0x00800067        0x0 ./Ecu_Layer/Ecu_Keypad/keypad.o
 .data          0x00800067        0x0 ./Ecu_Layer/Ecu_Initialization/Ecu_Init.o
 .data          0x00800067        0x0 ./Ecu_Layer/Ecu_Dc_Motor/motor_dc.o
 .data          0x00800067        0x3 ./Ecu_Layer/Ecu_Char_Lcd/char_lcd.o
 .data          0x0080006a        0x0 ./Ecu_Layer/Ecu_Btn/Button.o
 .data          0x0080006a      0x141 ./App_Main/Machine_Lcd/Machine_Lcd.o
 .data          0x008001ab        0x0 ./App_Main/main.o
 .data          0x008001ab        0x0 c:/winavr_20100110/bin/../lib/gcc/avr/4.3.3/avr5\libgcc.a(_exit.o)
 .data          0x008001ab        0x0 c:/winavr_20100110/bin/../lib/gcc/avr/4.3.3/avr5\libgcc.a(_copy_data.o)
 .data          0x008001ab        0x0 c:/winavr_20100110/bin/../lib/gcc/avr/4.3.3/avr5\libgcc.a(_clear_bss.o)
 .data          0x008001ab        0x0 c:/winavr_20100110/bin/../lib/gcc/avr/4.3.3/../../../../avr/lib/avr5\libc.a(sprintf.o)
 .data          0x008001ab        0x0 c:/winavr_20100110/bin/../lib/gcc/avr/4.3.3/../../../../avr/lib/avr5\libc.a(vfprintf_std.o)
 .data          0x008001ab        0x0 c:/winavr_20100110/bin/../lib/gcc/avr/4.3.3/../../../../avr/lib/avr5\libc.a(strnlen_P.o)
 .data          0x008001ab        0x0 c:/winavr_20100110/bin/../lib/gcc/avr/4.3.3/../../../../avr/lib/avr5\libc.a(strnlen.o)
 .data          0x008001ab        0x0 c:/winavr_20100110/bin/../lib/gcc/avr/4.3.3/../../../../avr/lib/avr5\libc.a(fputc.o)
 .data          0x008001ab        0x0 c:/winavr_20100110/bin/../lib/gcc/avr/4.3.3/../../../../avr/lib/avr5\libc.a(ultoa_invert.o)
 .data          0x008001ab        0x0 c:/winavr_20100110/bin/../lib/gcc/avr/4.3.3/avr5\libgcc.a(_prologue.o)
 .data          0x008001ab        0x0 c:/winavr_20100110/bin/../lib/gcc/avr/4.3.3/avr5\libgcc.a(_epilogue.o)
 *(.data*)
 .data.G_Man_Btn_Stat
                0x008001ab        0x1 ./machine/manual/program.o
                0x008001ab                G_Man_Btn_Stat
 .data.G_Machine_Current_Mode
                0x008001ac        0x1 ./machine/manual/program.o
                0x008001ac                G_Machine_Current_Mode
 .data.G_Alarm_Notification
                0x008001ad        0x1 ./machine/manual/program.o
                0x008001ad                G_Alarm_Notification
 .data.G_auto_start_btn_stat
                0x008001ae        0x1 ./machine/auto/auto_program.o
                0x008001ae                G_auto_start_btn_stat
 .data.G_water_sensor_val
                0x008001af        0x1 ./machine/auto/auto_program.o
                0x008001af                G_water_sensor_val
 .data.G_Rinse_Flag_Don
                0x008001b0        0x1 ./machine/auto/auto_program.o
                0x008001b0                G_Rinse_Flag_Don
 .data.G_Washe_Flag_Don
                0x008001b1        0x1 ./machine/auto/auto_program.o
                0x008001b1                G_Washe_Flag_Don
 .data.G_Drin_Flag_Don
                0x008001b2        0x1 ./machine/auto/auto_program.o
                0x008001b2                G_Drin_Flag_Don
 .data.Machine_Rinse_flag_Don
                0x008001b3        0x1 ./machine/auto/auto_program.o
                0x008001b3                Machine_Rinse_flag_Don
 .data.Machine_Wash_flag_Don
                0x008001b4        0x1 ./machine/auto/auto_program.o
                0x008001b4                Machine_Wash_flag_Don
 .data.Machine_Drain_flag_Don
                0x008001b5        0x1 ./machine/auto/auto_program.o
                0x008001b5                Machine_Drain_flag_Don
 .data.Machine_Rinse2_flag_Don
                0x008001b6        0x1 ./machine/auto/auto_program.o
                0x008001b6                Machine_Rinse2_flag_Don
 .data.min_flag.1995
                0x008001b7        0x1 ./machine/auto/auto_program.o
 .data.wash_flag.1927
                0x008001b8        0x1 ./machine/auto/auto_program.o
 .data.water_flag.1926
                0x008001b9        0x1 ./machine/auto/auto_program.o
 .data.led2     0x008001ba        0x2 ./Mcal_Layer/Timers/Timer1/Timer1.o
                0x008001ba                led2
 .data.Mode_Manual_Btn
                0x008001bc        0x4 ./Ecu_Layer/Ecu_Initialization/Ecu_Init.o
                0x008001bc                Mode_Manual_Btn
 .data.Man_Water_Btn
                0x008001c0        0x4 ./Ecu_Layer/Ecu_Initialization/Ecu_Init.o
                0x008001c0                Man_Water_Btn
 .data.Man_Heater_Btn
                0x008001c4        0x4 ./Ecu_Layer/Ecu_Initialization/Ecu_Init.o
                0x008001c4                Man_Heater_Btn
 .data.Man_RotatRight_Btn
                0x008001c8        0x4 ./Ecu_Layer/Ecu_Initialization/Ecu_Init.o
                0x008001c8                Man_RotatRight_Btn
 .data.Man_RotateLeft_Btn
                0x008001cc        0x4 ./Ecu_Layer/Ecu_Initialization/Ecu_Init.o
                0x008001cc                Man_RotateLeft_Btn
 .data.Man_Drain_Btn
                0x008001d0        0x4 ./Ecu_Layer/Ecu_Initialization/Ecu_Init.o
                0x008001d0                Man_Drain_Btn
 .data.Door_Contact_Btn
                0x008001d4        0x4 ./Ecu_Layer/Ecu_Initialization/Ecu_Init.o
                0x008001d4                Door_Contact_Btn
 .data.R00_WaterEnable
                0x008001d8        0x2 ./Ecu_Layer/Ecu_Initialization/Ecu_Init.o
                0x008001d8                R00_WaterEnable
 .data.R01_HeaterEnable
                0x008001da        0x2 ./Ecu_Layer/Ecu_Initialization/Ecu_Init.o
                0x008001da                R01_HeaterEnable
 .data.R02_RightMotor
                0x008001dc        0x3 ./Ecu_Layer/Ecu_Initialization/Ecu_Init.o
                0x008001dc                R02_RightMotor
 .data.R03_LeftMotor
                0x008001df        0x3 ./Ecu_Layer/Ecu_Initialization/Ecu_Init.o
                0x008001df                R03_LeftMotor
 .data.R04_FastEnable
                0x008001e2        0x2 ./Ecu_Layer/Ecu_Initialization/Ecu_Init.o
                0x008001e2                R04_FastEnable
 .data.R05_DrainEnable
                0x008001e4        0x3 ./Ecu_Layer/Ecu_Initialization/Ecu_Init.o
                0x008001e4                R05_DrainEnable
 .data.Door_Lock_Pin
                0x008001e7        0x2 ./Ecu_Layer/Ecu_Initialization/Ecu_Init.o
                0x008001e7                Door_Lock_Pin
 .data.Buzzer   0x008001e9        0x2 ./Ecu_Layer/Ecu_Initialization/Ecu_Init.o
                0x008001e9                Buzzer
 .data.LED      0x008001eb        0x2 ./Ecu_Layer/Ecu_Initialization/Ecu_Init.o
                0x008001eb                LED
 .data.Water_Level_Pin
                0x008001ed        0x2 ./Ecu_Layer/Ecu_Initialization/Ecu_Init.o
                0x008001ed                Water_Level_Pin
 .data.Auto_Water_Temp
                0x008001ef        0x2 ./Ecu_Layer/Ecu_Initialization/Ecu_Init.o
                0x008001ef                Auto_Water_Temp
 .data.Auto_Start_Btn
                0x008001f1        0x4 ./Ecu_Layer/Ecu_Initialization/Ecu_Init.o
                0x008001f1                Auto_Start_Btn
 .data.Mode_Auto_Btn
                0x008001f5        0x4 ./Ecu_Layer/Ecu_Initialization/Ecu_Init.o
                0x008001f5                Mode_Auto_Btn
 .data.Led1     0x008001f9        0x2 ./Ecu_Layer/Ecu_Initialization/Ecu_Init.o
                0x008001f9                Led1
 .data.lcd1     0x008001fb        0xc ./Ecu_Layer/Ecu_Initialization/Ecu_Init.o
                0x008001fb                lcd1
 .data.Loc_auto_update_flag.1896
                0x00800207        0x1 ./App_Main/Machine_Lcd/Machine_Lcd.o
 .data.Loc_man_update_flag.1915
                0x00800208        0x1 ./App_Main/Machine_Lcd/Machine_Lcd.o
 *(.rodata)
 *(.rodata*)
 .rodata.Btn_val
                0x00800209       0x10 ./Ecu_Layer/Ecu_Keypad/keypad.o
 .rodata.C.1.1890
                0x00800219        0x8 ./App_Main/Machine_Lcd/Machine_Lcd.o
 *(.gnu.linkonce.d*)
                0x00800222                . = ALIGN (0x2)
 *fill*         0x00800221        0x1 00
                0x00800222                _edata = .
                0x00800222                PROVIDE (__data_end, .)

.bss            0x00800222       0x20
                0x00800222                PROVIDE (__bss_start, .)
 *(.bss)
 .bss           0x00800222        0x0 c:/winavr_20100110/bin/../lib/gcc/avr/4.3.3/../../../../avr/lib/avr5/crtm16.o
 .bss           0x00800222        0x0 ./machine/manual/program.o
 .bss           0x00800222        0x0 ./machine/auto/auto_program.o
 .bss           0x00800222        0x0 ./Mcal_Layer/Timers/Timer2/Timer2_Program.o
 .bss           0x00800222        0x0 ./Mcal_Layer/Timers/Timer1/Timer1.o
 .bss           0x00800222        0x0 ./Mcal_Layer/Timers/Timer0/Timer0.o
 .bss           0x00800222        0x0 ./Mcal_Layer/Mcal_Interrupt/Mcal_Interrupt.o
 .bss           0x00800222        0x0 ./Mcal_Layer/Mcal_Gpio/Mcal_Gpio.o
 .bss           0x00800222        0x0 ./Ecu_Layer/Ecu_led/led.o
 .bss           0x00800222        0x0 ./Ecu_Layer/Ecu_SSD/BCD_SSD.o
 .bss           0x00800222        0x0 ./Ecu_Layer/Ecu_SSD/SSD.o
 .bss           0x00800222        0x0 ./Ecu_Layer/Ecu_Relay/relay.o
 .bss           0x00800222        0x0 ./Ecu_Layer/Ecu_Keypad/keypad.o
 .bss           0x00800222        0x0 ./Ecu_Layer/Ecu_Initialization/Ecu_Init.o
 .bss           0x00800222        0x0 ./Ecu_Layer/Ecu_Dc_Motor/motor_dc.o
 .bss           0x00800222        0x0 ./Ecu_Layer/Ecu_Char_Lcd/char_lcd.o
 .bss           0x00800222        0x0 ./Ecu_Layer/Ecu_Btn/Button.o
 .bss           0x00800222        0x0 ./App_Main/Machine_Lcd/Machine_Lcd.o
 .bss           0x00800222        0x0 ./App_Main/main.o
 .bss           0x00800222        0x0 c:/winavr_20100110/bin/../lib/gcc/avr/4.3.3/avr5\libgcc.a(_exit.o)
 .bss           0x00800222        0x0 c:/winavr_20100110/bin/../lib/gcc/avr/4.3.3/avr5\libgcc.a(_copy_data.o)
 .bss           0x00800222        0x0 c:/winavr_20100110/bin/../lib/gcc/avr/4.3.3/avr5\libgcc.a(_clear_bss.o)
 .bss           0x00800222        0x0 c:/winavr_20100110/bin/../lib/gcc/avr/4.3.3/../../../../avr/lib/avr5\libc.a(sprintf.o)
 .bss           0x00800222        0x0 c:/winavr_20100110/bin/../lib/gcc/avr/4.3.3/../../../../avr/lib/avr5\libc.a(vfprintf_std.o)
 .bss           0x00800222        0x0 c:/winavr_20100110/bin/../lib/gcc/avr/4.3.3/../../../../avr/lib/avr5\libc.a(strnlen_P.o)
 .bss           0x00800222        0x0 c:/winavr_20100110/bin/../lib/gcc/avr/4.3.3/../../../../avr/lib/avr5\libc.a(strnlen.o)
 .bss           0x00800222        0x0 c:/winavr_20100110/bin/../lib/gcc/avr/4.3.3/../../../../avr/lib/avr5\libc.a(fputc.o)
 .bss           0x00800222        0x0 c:/winavr_20100110/bin/../lib/gcc/avr/4.3.3/../../../../avr/lib/avr5\libc.a(ultoa_invert.o)
 .bss           0x00800222        0x0 c:/winavr_20100110/bin/../lib/gcc/avr/4.3.3/avr5\libgcc.a(_prologue.o)
 .bss           0x00800222        0x0 c:/winavr_20100110/bin/../lib/gcc/avr/4.3.3/avr5\libgcc.a(_epilogue.o)
 *(.bss*)
 .bss.G_auto_current_stat
                0x00800222        0x1 ./machine/auto/auto_program.o
                0x00800222                G_auto_current_stat
 .bss.sec_flag.1994
                0x00800223        0x1 ./machine/auto/auto_program.o
 .bss.empty_flag.1928
                0x00800224        0x1 ./machine/auto/auto_program.o
 .bss.state.1887
                0x00800225        0x1 ./machine/auto/auto_program.o
 .bss.Second_Counter
                0x00800226        0x1 ./Mcal_Layer/Timers/Timer1/Timer1.o
                0x00800226                Second_Counter
 .bss.Minute_Counter
                0x00800227        0x1 ./Mcal_Layer/Timers/Timer1/Timer1.o
                0x00800227                Minute_Counter
 .bss.Ovf_Counter
                0x00800228        0x1 ./Mcal_Layer/Timers/Timer0/Timer0.o
 .bss.Loc_sec.1673
                0x00800229        0x1 ./Mcal_Layer/Timers/Timer0/Timer0.o
 .bss.Loc_min.1672
                0x0080022a        0x1 ./Mcal_Layer/Timers/Timer0/Timer0.o
 .bss.sec_Counter
                0x0080022b        0x1 ./Mcal_Layer/Timers/Timer0/Timer0.o
 .bss.min_Counter
                0x0080022c        0x1 ./Mcal_Layer/Timers/Timer0/Timer0.o
 .bss.Timer0_Available_flag
                0x0080022d        0x1 ./Mcal_Layer/Timers/Timer0/Timer0.o
 .bss.Ext_Interrupt0_Handler
                0x0080022e        0x2 ./Mcal_Layer/Mcal_Interrupt/Mcal_Interrupt.o
 .bss.Ext_Interrupt1_Handler
                0x00800230        0x2 ./Mcal_Layer/Mcal_Interrupt/Mcal_Interrupt.o
 .bss.Ext_Interrupt2_Handler
                0x00800232        0x2 ./Mcal_Layer/Mcal_Interrupt/Mcal_Interrupt.o
 .bss.minuts.1832
                0x00800234        0x1 ./Ecu_Layer/Ecu_Initialization/Ecu_Init.o
 .bss.sec.1831  0x00800235        0x1 ./Ecu_Layer/Ecu_Initialization/Ecu_Init.o
 .bss.Loc_first_time_flag.1897
                0x00800236        0x1 ./App_Main/Machine_Lcd/Machine_Lcd.o
 .bss.Loc_first_flag.1930
                0x00800237        0x1 ./App_Main/Machine_Lcd/Machine_Lcd.o
 .bss.Loc_first_flag.1937
                0x00800238        0x1 ./App_Main/Machine_Lcd/Machine_Lcd.o
 .bss.Loc_first_flag.1944
                0x00800239        0x1 ./App_Main/Machine_Lcd/Machine_Lcd.o
 .bss.Loc_first_flag.1951
                0x0080023a        0x1 ./App_Main/Machine_Lcd/Machine_Lcd.o
 .bss.Loc_first_flag.1958
                0x0080023b        0x1 ./App_Main/Machine_Lcd/Machine_Lcd.o
 *(COMMON)
 COMMON         0x0080023c        0x6 ./machine/auto/auto_program.o
                0x0080023c                G_Rinse_Minut_Counter
                0x0080023d                G_Drain_Minut_Counter
                0x0080023e                G_Wash_Sec_Counter
                0x0080023f                G_Wash_Minut_Counter
                0x00800240                G_Drain_Sec_Counter
                0x00800241                G_Rinse_Sec_Counter
                0x00800242                PROVIDE (__bss_end, .)
                0x0000222a                __data_load_start = LOADADDR (.data)
                0x000023ec                __data_load_end = (__data_load_start + SIZEOF (.data))

.noinit         0x00800242        0x0
                0x00800242                PROVIDE (__noinit_start, .)
 *(.noinit*)
                0x00800242                PROVIDE (__noinit_end, .)
                0x00800242                _end = .
                0x00800242                PROVIDE (__heap_start, .)

.eeprom         0x00810000        0x0
 *(.eeprom*)
                0x00810000                __eeprom_end = .

.fuse
 *(.fuse)
 *(.lfuse)
 *(.hfuse)
 *(.efuse)

.lock
 *(.lock*)

.signature
 *(.signature*)

.stab
 *(.stab)

.stabstr
 *(.stabstr)

.stab.excl
 *(.stab.excl)

.stab.exclstr
 *(.stab.exclstr)

.stab.index
 *(.stab.index)

.stab.indexstr
 *(.stab.indexstr)

.comment
 *(.comment)

.debug
 *(.debug)

.line
 *(.line)

.debug_srcinfo
 *(.debug_srcinfo)

.debug_sfnames
 *(.debug_sfnames)

.debug_aranges
 *(.debug_aranges)

.debug_pubnames
 *(.debug_pubnames)

.debug_info
 *(.debug_info)
 *(.gnu.linkonce.wi.*)

.debug_abbrev
 *(.debug_abbrev)

.debug_line
 *(.debug_line)

.debug_frame
 *(.debug_frame)

.debug_str
 *(.debug_str)

.debug_loc
 *(.debug_loc)

.debug_macinfo
 *(.debug_macinfo)
OUTPUT(washing_machine2.elf elf32-avr)
LOAD linker stubs
